Archive member included to satisfy reference by file (symbol)

c:/program files/atmel/studio/7.0/toolchain/avr8/avr8-gnu-toolchain/bin/../lib/gcc/avr/4.9.2/../../../../avr/lib/avr5\libm.a(addsf3.o)
                              drivers/Keypad.o (__subsf3)
c:/program files/atmel/studio/7.0/toolchain/avr8/avr8-gnu-toolchain/bin/../lib/gcc/avr/4.9.2/../../../../avr/lib/avr5\libm.a(addsf3x.o)
                              c:/program files/atmel/studio/7.0/toolchain/avr8/avr8-gnu-toolchain/bin/../lib/gcc/avr/4.9.2/../../../../avr/lib/avr5\libm.a(addsf3.o) (__addsf3x)
c:/program files/atmel/studio/7.0/toolchain/avr8/avr8-gnu-toolchain/bin/../lib/gcc/avr/4.9.2/../../../../avr/lib/avr5\libm.a(cmpsf2.o)
                              drivers/Keypad.o (__eqsf2)
c:/program files/atmel/studio/7.0/toolchain/avr8/avr8-gnu-toolchain/bin/../lib/gcc/avr/4.9.2/../../../../avr/lib/avr5\libm.a(divsf3.o)
                              drivers/Keypad.o (__divsf3)
c:/program files/atmel/studio/7.0/toolchain/avr8/avr8-gnu-toolchain/bin/../lib/gcc/avr/4.9.2/../../../../avr/lib/avr5\libm.a(divsf3x.o)
                              c:/program files/atmel/studio/7.0/toolchain/avr8/avr8-gnu-toolchain/bin/../lib/gcc/avr/4.9.2/../../../../avr/lib/avr5\libm.a(divsf3.o) (__divsf3x)
c:/program files/atmel/studio/7.0/toolchain/avr8/avr8-gnu-toolchain/bin/../lib/gcc/avr/4.9.2/../../../../avr/lib/avr5\libm.a(fp_cmp.o)
                              c:/program files/atmel/studio/7.0/toolchain/avr8/avr8-gnu-toolchain/bin/../lib/gcc/avr/4.9.2/../../../../avr/lib/avr5\libm.a(cmpsf2.o) (__fp_cmp)
c:/program files/atmel/studio/7.0/toolchain/avr8/avr8-gnu-toolchain/bin/../lib/gcc/avr/4.9.2/../../../../avr/lib/avr5\libm.a(fp_inf.o)
                              c:/program files/atmel/studio/7.0/toolchain/avr8/avr8-gnu-toolchain/bin/../lib/gcc/avr/4.9.2/../../../../avr/lib/avr5\libm.a(addsf3x.o) (__fp_inf)
c:/program files/atmel/studio/7.0/toolchain/avr8/avr8-gnu-toolchain/bin/../lib/gcc/avr/4.9.2/../../../../avr/lib/avr5\libm.a(fp_nan.o)
                              c:/program files/atmel/studio/7.0/toolchain/avr8/avr8-gnu-toolchain/bin/../lib/gcc/avr/4.9.2/../../../../avr/lib/avr5\libm.a(addsf3x.o) (__fp_nan)
c:/program files/atmel/studio/7.0/toolchain/avr8/avr8-gnu-toolchain/bin/../lib/gcc/avr/4.9.2/../../../../avr/lib/avr5\libm.a(fp_pscA.o)
                              c:/program files/atmel/studio/7.0/toolchain/avr8/avr8-gnu-toolchain/bin/../lib/gcc/avr/4.9.2/../../../../avr/lib/avr5\libm.a(addsf3x.o) (__fp_pscA)
c:/program files/atmel/studio/7.0/toolchain/avr8/avr8-gnu-toolchain/bin/../lib/gcc/avr/4.9.2/../../../../avr/lib/avr5\libm.a(fp_pscB.o)
                              c:/program files/atmel/studio/7.0/toolchain/avr8/avr8-gnu-toolchain/bin/../lib/gcc/avr/4.9.2/../../../../avr/lib/avr5\libm.a(addsf3x.o) (__fp_pscB)
c:/program files/atmel/studio/7.0/toolchain/avr8/avr8-gnu-toolchain/bin/../lib/gcc/avr/4.9.2/../../../../avr/lib/avr5\libm.a(fp_round.o)
                              c:/program files/atmel/studio/7.0/toolchain/avr8/avr8-gnu-toolchain/bin/../lib/gcc/avr/4.9.2/../../../../avr/lib/avr5\libm.a(addsf3.o) (__fp_round)
c:/program files/atmel/studio/7.0/toolchain/avr8/avr8-gnu-toolchain/bin/../lib/gcc/avr/4.9.2/../../../../avr/lib/avr5\libm.a(fp_split3.o)
                              c:/program files/atmel/studio/7.0/toolchain/avr8/avr8-gnu-toolchain/bin/../lib/gcc/avr/4.9.2/../../../../avr/lib/avr5\libm.a(addsf3x.o) (__fp_split3)
c:/program files/atmel/studio/7.0/toolchain/avr8/avr8-gnu-toolchain/bin/../lib/gcc/avr/4.9.2/../../../../avr/lib/avr5\libm.a(fp_zero.o)
                              c:/program files/atmel/studio/7.0/toolchain/avr8/avr8-gnu-toolchain/bin/../lib/gcc/avr/4.9.2/../../../../avr/lib/avr5\libm.a(addsf3x.o) (__fp_zero)
c:/program files/atmel/studio/7.0/toolchain/avr8/avr8-gnu-toolchain/bin/../lib/gcc/avr/4.9.2/../../../../avr/lib/avr5\libm.a(gesf2.o)
                              drivers/Keypad.o (__gesf2)
c:/program files/atmel/studio/7.0/toolchain/avr8/avr8-gnu-toolchain/bin/../lib/gcc/avr/4.9.2/avr5\libgcc.a(_exit.o)
                              C:/Program Files/Atmel/Studio/7.0/Packs/atmel/ATmega_DFP/1.0.90/gcc/dev/atmega32/avr5/crtatmega32.o (exit)
c:/program files/atmel/studio/7.0/toolchain/avr8/avr8-gnu-toolchain/bin/../lib/gcc/avr/4.9.2/avr5\libgcc.a(_copy_data.o)
                              drivers/AnalogInput.o (__do_copy_data)
c:/program files/atmel/studio/7.0/toolchain/avr8/avr8-gnu-toolchain/bin/../lib/gcc/avr/4.9.2/../../../../avr/lib/avr5\libc.a(itoa_ncheck.o)
                              drivers/ParallelTextLCD.o (__itoa_ncheck)
c:/program files/atmel/studio/7.0/toolchain/avr8/avr8-gnu-toolchain/bin/../lib/gcc/avr/4.9.2/../../../../avr/lib/avr5\libc.a(utoa_ncheck.o)
                              c:/program files/atmel/studio/7.0/toolchain/avr8/avr8-gnu-toolchain/bin/../lib/gcc/avr/4.9.2/../../../../avr/lib/avr5\libc.a(itoa_ncheck.o) (__utoa_common)
c:/program files/atmel/studio/7.0/toolchain/avr8/avr8-gnu-toolchain/bin/../lib/gcc/avr/4.9.2/../../../../avr/lib/avr5\libc.a(strrev.o)
                              c:/program files/atmel/studio/7.0/toolchain/avr8/avr8-gnu-toolchain/bin/../lib/gcc/avr/4.9.2/../../../../avr/lib/avr5\libc.a(utoa_ncheck.o) (strrev)

Discarded input sections

 .data          0x00000000        0x0 C:/Program Files/Atmel/Studio/7.0/Packs/atmel/ATmega_DFP/1.0.90/gcc/dev/atmega32/avr5/crtatmega32.o
 .bss           0x00000000        0x0 C:/Program Files/Atmel/Studio/7.0/Packs/atmel/ATmega_DFP/1.0.90/gcc/dev/atmega32/avr5/crtatmega32.o
 .text          0x00000000        0x0 controller/Microcontroller.o
 .data          0x00000000        0x0 controller/Microcontroller.o
 .bss           0x00000000        0x0 controller/Microcontroller.o
 .text._ZN8Integral15MicrocontrollerC2Ev
                0x00000000        0x2 controller/Microcontroller.o
 .text._ZN8Integral15MicrocontrollerD2Ev
                0x00000000        0x2 controller/Microcontroller.o
 .debug_info    0x00000000      0x173 controller/Microcontroller.o
 .debug_abbrev  0x00000000       0xf7 controller/Microcontroller.o
 .debug_aranges
                0x00000000       0x28 controller/Microcontroller.o
 .debug_ranges  0x00000000       0x18 controller/Microcontroller.o
 .debug_line    0x00000000       0x72 controller/Microcontroller.o
 .debug_str     0x00000000      0x1fd controller/Microcontroller.o
 .comment       0x00000000       0x31 controller/Microcontroller.o
 .debug_frame   0x00000000       0x34 controller/Microcontroller.o
 .text          0x00000000        0x0 controller/Pinset.o
 .data          0x00000000        0x0 controller/Pinset.o
 .bss           0x00000000        0x0 controller/Pinset.o
 .text._ZN8Integral6PinsetC2EiPNS_3PINE
                0x00000000       0x22 controller/Pinset.o
 .text._ZN8Integral6PinsetD2Ev
                0x00000000        0x2 controller/Pinset.o
 .text._ZN8Integral6Pinset7getDataEv
                0x00000000       0x8c controller/Pinset.o
 .text._ZN8Integral6Pinset7putDataEj
                0x00000000       0x70 controller/Pinset.o
 .debug_info    0x00000000      0x4b0 controller/Pinset.o
 .debug_abbrev  0x00000000      0x27f controller/Pinset.o
 .debug_loc     0x00000000      0x2c3 controller/Pinset.o
 .debug_aranges
                0x00000000       0x38 controller/Pinset.o
 .debug_ranges  0x00000000       0x28 controller/Pinset.o
 .debug_line    0x00000000      0x139 controller/Pinset.o
 .debug_str     0x00000000      0x453 controller/Pinset.o
 .comment       0x00000000       0x31 controller/Pinset.o
 .debug_frame   0x00000000       0xb8 controller/Pinset.o
 .group         0x00000000        0x8 drivers/AnalogInput.o
 .text          0x00000000        0x0 drivers/AnalogInput.o
 .data          0x00000000        0x0 drivers/AnalogInput.o
 .bss           0x00000000        0x0 drivers/AnalogInput.o
 .text._ZN8Integral11AnalogInput10initializeEv
                0x00000000       0x12 drivers/AnalogInput.o
 .text._ZN8Integral11AnalogInput10getChannelEv
                0x00000000        0x6 drivers/AnalogInput.o
 .text._ZN8Integral11AnalogInput6isLiveEv
                0x00000000       0x18 drivers/AnalogInput.o
 .text._ZN8Integral11AnalogInput11globablInitENS_9ADCconfig4VREFENS1_4ADPSE
                0x00000000       0x28 drivers/AnalogInput.o
 .text._ZN8Integral11AnalogInputC2ENS_10ADCchannelE
                0x00000000       0x1a drivers/AnalogInput.o
 .text._ZN8Integral11AnalogInput9readValueEv
                0x00000000       0x10 drivers/AnalogInput.o
 .text._ZN8Integral11AnalogInput15startConversionEv
                0x00000000       0x12 drivers/AnalogInput.o
 .text._ZN8Integral11AnalogInput14stopConversionEv
                0x00000000        0x4 drivers/AnalogInput.o
 .text._ZN8Integral11AnalogInputD2Ev
                0x00000000       0x2a drivers/AnalogInput.o
 .text._ZN8Integral11AnalogInput11setCallbackEPFviNS_10ADCchannelEE
                0x00000000        0x8 drivers/AnalogInput.o
 .text._ZN8Integral11AnalogInput7processEv
                0x00000000       0x1c drivers/AnalogInput.o
 .rodata._ZTVN8Integral11AnalogInputE
                0x00000000        0x6 drivers/AnalogInput.o
 .debug_info    0x00000000      0x9c5 drivers/AnalogInput.o
 .debug_abbrev  0x00000000      0x351 drivers/AnalogInput.o
 .debug_loc     0x00000000      0x20d drivers/AnalogInput.o
 .debug_aranges
                0x00000000       0x70 drivers/AnalogInput.o
 .debug_ranges  0x00000000       0x60 drivers/AnalogInput.o
 .debug_line    0x00000000      0x1aa drivers/AnalogInput.o
 .debug_str     0x00000000      0x8a0 drivers/AnalogInput.o
 .comment       0x00000000       0x31 drivers/AnalogInput.o
 .debug_frame   0x00000000       0xdc drivers/AnalogInput.o
 .text          0x00000000        0x0 drivers/Communication.o
 .data          0x00000000        0x0 drivers/Communication.o
 .bss           0x00000000        0x0 drivers/Communication.o
 .debug_info    0x00000000       0x5d drivers/Communication.o
 .debug_abbrev  0x00000000       0x31 drivers/Communication.o
 .debug_aranges
                0x00000000       0x18 drivers/Communication.o
 .debug_line    0x00000000       0x41 drivers/Communication.o
 .debug_str     0x00000000      0x1bb drivers/Communication.o
 .comment       0x00000000       0x31 drivers/Communication.o
 .text          0x00000000        0x0 drivers/Device.o
 .data          0x00000000        0x0 drivers/Device.o
 .bss           0x00000000        0x0 drivers/Device.o
 .text._ZN8Integral6Device9setStatusENS_4PORTENS_8POSITIONEb
                0x00000000       0xe8 drivers/Device.o
 .text._ZN8Integral6Device12setDirectionENS_4PORTENS_8POSITIONEb
                0x00000000       0xe8 drivers/Device.o
 .text          0x00000000        0x0 drivers/Input.o
 .data          0x00000000        0x0 drivers/Input.o
 .bss           0x00000000        0x0 drivers/Input.o
 .debug_info    0x00000000       0x5d drivers/Input.o
 .debug_abbrev  0x00000000       0x31 drivers/Input.o
 .debug_aranges
                0x00000000       0x18 drivers/Input.o
 .debug_line    0x00000000       0x41 drivers/Input.o
 .debug_str     0x00000000      0x1b3 drivers/Input.o
 .comment       0x00000000       0x31 drivers/Input.o
 .group         0x00000000        0x8 drivers/DigitalOutput.o
 .text          0x00000000        0x0 drivers/DigitalOutput.o
 .data          0x00000000        0x0 drivers/DigitalOutput.o
 .bss           0x00000000        0x0 drivers/DigitalOutput.o
 .text._ZN8Integral13DigitalOutput10initializeEv
                0x00000000       0x1c drivers/DigitalOutput.o
 .text._ZN8Integral13DigitalOutputC2ENS_3PINE
                0x00000000       0x14 drivers/DigitalOutput.o
 .text._ZN8Integral13DigitalOutputD2Ev
                0x00000000       0x24 drivers/DigitalOutput.o
 .text._ZN8Integral13DigitalOutput2onEv
                0x00000000       0x18 drivers/DigitalOutput.o
 .text._ZN8Integral13DigitalOutput3offEv
                0x00000000       0x16 drivers/DigitalOutput.o
 .text._ZN8Integral13DigitalOutput6toggleEv
                0x00000000       0x22 drivers/DigitalOutput.o
 .rodata._ZTVN8Integral13DigitalOutputE
                0x00000000        0x6 drivers/DigitalOutput.o
 .debug_info    0x00000000      0x72d drivers/DigitalOutput.o
 .debug_abbrev  0x00000000      0x277 drivers/DigitalOutput.o
 .debug_loc     0x00000000      0x240 drivers/DigitalOutput.o
 .debug_aranges
                0x00000000       0x48 drivers/DigitalOutput.o
 .debug_ranges  0x00000000       0x38 drivers/DigitalOutput.o
 .debug_line    0x00000000       0xfb drivers/DigitalOutput.o
 .debug_str     0x00000000      0x65a drivers/DigitalOutput.o
 .comment       0x00000000       0x31 drivers/DigitalOutput.o
 .debug_frame   0x00000000       0xb0 drivers/DigitalOutput.o
 .group         0x00000000        0x8 drivers/Keypad.o
 .text          0x00000000        0x0 drivers/Keypad.o
 .data          0x00000000        0x0 drivers/Keypad.o
 .bss           0x00000000        0x0 drivers/Keypad.o
 .text._ZN8Integral6KeypadD2Ev
                0x00000000       0x28 drivers/Keypad.o
 .text._ZN8Integral6Keypad17undebouncedStatusEv
                0x00000000       0x76 drivers/Keypad.o
 .text          0x00000000        0x0 drivers/Output.o
 .data          0x00000000        0x0 drivers/Output.o
 .bss           0x00000000        0x0 drivers/Output.o
 .debug_info    0x00000000       0x5d drivers/Output.o
 .debug_abbrev  0x00000000       0x31 drivers/Output.o
 .debug_aranges
                0x00000000       0x18 drivers/Output.o
 .debug_line    0x00000000       0x41 drivers/Output.o
 .debug_str     0x00000000      0x1b4 drivers/Output.o
 .comment       0x00000000       0x31 drivers/Output.o
 .group         0x00000000        0x8 drivers/ParallelTextLCD.o
 .text          0x00000000        0x0 drivers/ParallelTextLCD.o
 .data          0x00000000        0x0 drivers/ParallelTextLCD.o
 .bss           0x00000000        0x0 drivers/ParallelTextLCD.o
 .text._ZN8Integral15ParallelTextLCDD2Ev
                0x00000000       0x58 drivers/ParallelTextLCD.o
 .text._ZN8Integral15ParallelTextLCD5clearEv
                0x00000000       0x14 drivers/ParallelTextLCD.o
 .text._ZN8Integral15ParallelTextLCD6cursorEbb
                0x00000000       0x28 drivers/ParallelTextLCD.o
 .rodata.str1.1
                0x00000000        0x2 drivers/ParallelTextLCD.o
 .text._ZN8Integral15ParallelTextLCD7integerEii
                0x00000000       0x90 drivers/ParallelTextLCD.o
 .text._ZN8Integral15ParallelTextLCD7integerEiiii
                0x00000000       0xa8 drivers/ParallelTextLCD.o
 .group         0x00000000        0x8 drivers/PushButtonSwitch.o
 .text          0x00000000        0x0 drivers/PushButtonSwitch.o
 .data          0x00000000        0x0 drivers/PushButtonSwitch.o
 .bss           0x00000000        0x0 drivers/PushButtonSwitch.o
 .text._ZN8Integral16PushButtonSwitch10initializeEv
                0x00000000       0x1e drivers/PushButtonSwitch.o
 .text._ZN8Integral16PushButtonSwitchC2ENS_3PINEb
                0x00000000       0x14 drivers/PushButtonSwitch.o
 .text._ZN8Integral16PushButtonSwitchD2Ev
                0x00000000       0x14 drivers/PushButtonSwitch.o
 .text._ZN8Integral16PushButtonSwitch17undebouncedStatusEv
                0x00000000       0x1e drivers/PushButtonSwitch.o
 .text._ZN8Integral16PushButtonSwitch9isPressedEv
                0x00000000      0x13c drivers/PushButtonSwitch.o
 .rodata._ZTVN8Integral16PushButtonSwitchE
                0x00000000        0x6 drivers/PushButtonSwitch.o
 .debug_info    0x00000000      0x782 drivers/PushButtonSwitch.o
 .debug_abbrev  0x00000000      0x2e9 drivers/PushButtonSwitch.o
 .debug_loc     0x00000000      0x2bc drivers/PushButtonSwitch.o
 .debug_aranges
                0x00000000       0x40 drivers/PushButtonSwitch.o
 .debug_ranges  0x00000000       0x48 drivers/PushButtonSwitch.o
 .debug_line    0x00000000      0x111 drivers/PushButtonSwitch.o
 .debug_str     0x00000000      0x6f4 drivers/PushButtonSwitch.o
 .comment       0x00000000       0x31 drivers/PushButtonSwitch.o
 .debug_frame   0x00000000       0xa8 drivers/PushButtonSwitch.o
 .group         0x00000000        0x8 drivers/Storage.o
 .text          0x00000000        0x0 drivers/Storage.o
 .data          0x00000000        0x0 drivers/Storage.o
 .bss           0x00000000        0x0 drivers/Storage.o
 .text._ZN8Integral7Storage7Method2Ev
                0x00000000        0x2 drivers/Storage.o
 .text._ZN8Integral7Storage7Method3Ev
                0x00000000        0x2 drivers/Storage.o
 .text._ZN8Integral7StorageD2Ev
                0x00000000        0x2 drivers/Storage.o
 .text._ZN8Integral7StorageD0Ev
                0x00000000        0x6 drivers/Storage.o
 .rodata._ZTVN8Integral7StorageE
                0x00000000        0xe drivers/Storage.o
 .debug_info    0x00000000      0x495 drivers/Storage.o
 .debug_abbrev  0x00000000      0x1e8 drivers/Storage.o
 .debug_loc     0x00000000       0x26 drivers/Storage.o
 .debug_aranges
                0x00000000       0x38 drivers/Storage.o
 .debug_ranges  0x00000000       0x28 drivers/Storage.o
 .debug_line    0x00000000       0xb1 drivers/Storage.o
 .debug_str     0x00000000      0x5e6 drivers/Storage.o
 .comment       0x00000000       0x31 drivers/Storage.o
 .debug_frame   0x00000000       0x54 drivers/Storage.o
 .group         0x00000000        0x8 drivers/Timer.o
 .text          0x00000000        0x0 drivers/Timer.o
 .data          0x00000000        0x0 drivers/Timer.o
 .bss           0x00000000        0x0 drivers/Timer.o
 .text._ZN8Integral5Timer7Method2Ev
                0x00000000        0x2 drivers/Timer.o
 .text._ZN8Integral5Timer7Method3Ev
                0x00000000        0x2 drivers/Timer.o
 .text._ZN8Integral5TimerD2Ev
                0x00000000        0x2 drivers/Timer.o
 .text._ZN8Integral5TimerD0Ev
                0x00000000        0x6 drivers/Timer.o
 .rodata._ZTVN8Integral5TimerE
                0x00000000        0xe drivers/Timer.o
 .debug_info    0x00000000      0x495 drivers/Timer.o
 .debug_abbrev  0x00000000      0x1e8 drivers/Timer.o
 .debug_loc     0x00000000       0x26 drivers/Timer.o
 .debug_aranges
                0x00000000       0x38 drivers/Timer.o
 .debug_ranges  0x00000000       0x28 drivers/Timer.o
 .debug_line    0x00000000       0xad drivers/Timer.o
 .debug_str     0x00000000      0x5d6 drivers/Timer.o
 .comment       0x00000000       0x31 drivers/Timer.o
 .debug_frame   0x00000000       0x54 drivers/Timer.o
 .group         0x00000000        0x8 drivers/USART.o
 .text          0x00000000        0x0 drivers/USART.o
 .data          0x00000000        0x0 drivers/USART.o
 .bss           0x00000000        0x0 drivers/USART.o
 .text._ZN8Integral5USART10initializeEv
                0x00000000        0xa drivers/USART.o
 .text._ZN8Integral5USARTC2Ej
                0x00000000       0x18 drivers/USART.o
 .text._ZN8Integral5USARTD2Ev
                0x00000000       0x12 drivers/USART.o
 .text._ZN8Integral5USART8transmitEh
                0x00000000        0x8 drivers/USART.o
 .text._ZN8Integral5USART7receiveEv
                0x00000000        0x8 drivers/USART.o
 .rodata._ZTVN8Integral5USARTE
                0x00000000        0x6 drivers/USART.o
 .debug_info    0x00000000      0x6b2 drivers/USART.o
 .debug_abbrev  0x00000000      0x28b drivers/USART.o
 .debug_loc     0x00000000       0x9c drivers/USART.o
 .debug_aranges
                0x00000000       0x40 drivers/USART.o
 .debug_ranges  0x00000000       0x30 drivers/USART.o
 .debug_line    0x00000000       0xe8 drivers/USART.o
 .debug_str     0x00000000      0x642 drivers/USART.o
 .comment       0x00000000       0x31 drivers/USART.o
 .debug_frame   0x00000000       0x64 drivers/USART.o
 .text          0x00000000        0x0 interface/Istream.o
 .data          0x00000000        0x0 interface/Istream.o
 .bss           0x00000000        0x0 interface/Istream.o
 .text._ZN8Integral7IstreamD2Ev
                0x00000000        0x2 interface/Istream.o
 .text          0x00000000        0x0 main.o
 .data          0x00000000        0x0 main.o
 .bss           0x00000000        0x0 main.o
 .text          0x00000000        0x0 c:/program files/atmel/studio/7.0/toolchain/avr8/avr8-gnu-toolchain/bin/../lib/gcc/avr/4.9.2/../../../../avr/lib/avr5\libm.a(addsf3.o)
 .data          0x00000000        0x0 c:/program files/atmel/studio/7.0/toolchain/avr8/avr8-gnu-toolchain/bin/../lib/gcc/avr/4.9.2/../../../../avr/lib/avr5\libm.a(addsf3.o)
 .bss           0x00000000        0x0 c:/program files/atmel/studio/7.0/toolchain/avr8/avr8-gnu-toolchain/bin/../lib/gcc/avr/4.9.2/../../../../avr/lib/avr5\libm.a(addsf3.o)
 .text          0x00000000        0x0 c:/program files/atmel/studio/7.0/toolchain/avr8/avr8-gnu-toolchain/bin/../lib/gcc/avr/4.9.2/../../../../avr/lib/avr5\libm.a(addsf3x.o)
 .data          0x00000000        0x0 c:/program files/atmel/studio/7.0/toolchain/avr8/avr8-gnu-toolchain/bin/../lib/gcc/avr/4.9.2/../../../../avr/lib/avr5\libm.a(addsf3x.o)
 .bss           0x00000000        0x0 c:/program files/atmel/studio/7.0/toolchain/avr8/avr8-gnu-toolchain/bin/../lib/gcc/avr/4.9.2/../../../../avr/lib/avr5\libm.a(addsf3x.o)
 .text          0x00000000        0x0 c:/program files/atmel/studio/7.0/toolchain/avr8/avr8-gnu-toolchain/bin/../lib/gcc/avr/4.9.2/../../../../avr/lib/avr5\libm.a(cmpsf2.o)
 .data          0x00000000        0x0 c:/program files/atmel/studio/7.0/toolchain/avr8/avr8-gnu-toolchain/bin/../lib/gcc/avr/4.9.2/../../../../avr/lib/avr5\libm.a(cmpsf2.o)
 .bss           0x00000000        0x0 c:/program files/atmel/studio/7.0/toolchain/avr8/avr8-gnu-toolchain/bin/../lib/gcc/avr/4.9.2/../../../../avr/lib/avr5\libm.a(cmpsf2.o)
 .text          0x00000000        0x0 c:/program files/atmel/studio/7.0/toolchain/avr8/avr8-gnu-toolchain/bin/../lib/gcc/avr/4.9.2/../../../../avr/lib/avr5\libm.a(divsf3.o)
 .data          0x00000000        0x0 c:/program files/atmel/studio/7.0/toolchain/avr8/avr8-gnu-toolchain/bin/../lib/gcc/avr/4.9.2/../../../../avr/lib/avr5\libm.a(divsf3.o)
 .bss           0x00000000        0x0 c:/program files/atmel/studio/7.0/toolchain/avr8/avr8-gnu-toolchain/bin/../lib/gcc/avr/4.9.2/../../../../avr/lib/avr5\libm.a(divsf3.o)
 .text          0x00000000        0x0 c:/program files/atmel/studio/7.0/toolchain/avr8/avr8-gnu-toolchain/bin/../lib/gcc/avr/4.9.2/../../../../avr/lib/avr5\libm.a(divsf3x.o)
 .data          0x00000000        0x0 c:/program files/atmel/studio/7.0/toolchain/avr8/avr8-gnu-toolchain/bin/../lib/gcc/avr/4.9.2/../../../../avr/lib/avr5\libm.a(divsf3x.o)
 .bss           0x00000000        0x0 c:/program files/atmel/studio/7.0/toolchain/avr8/avr8-gnu-toolchain/bin/../lib/gcc/avr/4.9.2/../../../../avr/lib/avr5\libm.a(divsf3x.o)
 .text          0x00000000        0x0 c:/program files/atmel/studio/7.0/toolchain/avr8/avr8-gnu-toolchain/bin/../lib/gcc/avr/4.9.2/../../../../avr/lib/avr5\libm.a(fp_cmp.o)
 .data          0x00000000        0x0 c:/program files/atmel/studio/7.0/toolchain/avr8/avr8-gnu-toolchain/bin/../lib/gcc/avr/4.9.2/../../../../avr/lib/avr5\libm.a(fp_cmp.o)
 .bss           0x00000000        0x0 c:/program files/atmel/studio/7.0/toolchain/avr8/avr8-gnu-toolchain/bin/../lib/gcc/avr/4.9.2/../../../../avr/lib/avr5\libm.a(fp_cmp.o)
 .text          0x00000000        0x0 c:/program files/atmel/studio/7.0/toolchain/avr8/avr8-gnu-toolchain/bin/../lib/gcc/avr/4.9.2/../../../../avr/lib/avr5\libm.a(fp_inf.o)
 .data          0x00000000        0x0 c:/program files/atmel/studio/7.0/toolchain/avr8/avr8-gnu-toolchain/bin/../lib/gcc/avr/4.9.2/../../../../avr/lib/avr5\libm.a(fp_inf.o)
 .bss           0x00000000        0x0 c:/program files/atmel/studio/7.0/toolchain/avr8/avr8-gnu-toolchain/bin/../lib/gcc/avr/4.9.2/../../../../avr/lib/avr5\libm.a(fp_inf.o)
 .text          0x00000000        0x0 c:/program files/atmel/studio/7.0/toolchain/avr8/avr8-gnu-toolchain/bin/../lib/gcc/avr/4.9.2/../../../../avr/lib/avr5\libm.a(fp_nan.o)
 .data          0x00000000        0x0 c:/program files/atmel/studio/7.0/toolchain/avr8/avr8-gnu-toolchain/bin/../lib/gcc/avr/4.9.2/../../../../avr/lib/avr5\libm.a(fp_nan.o)
 .bss           0x00000000        0x0 c:/program files/atmel/studio/7.0/toolchain/avr8/avr8-gnu-toolchain/bin/../lib/gcc/avr/4.9.2/../../../../avr/lib/avr5\libm.a(fp_nan.o)
 .text          0x00000000        0x0 c:/program files/atmel/studio/7.0/toolchain/avr8/avr8-gnu-toolchain/bin/../lib/gcc/avr/4.9.2/../../../../avr/lib/avr5\libm.a(fp_pscA.o)
 .data          0x00000000        0x0 c:/program files/atmel/studio/7.0/toolchain/avr8/avr8-gnu-toolchain/bin/../lib/gcc/avr/4.9.2/../../../../avr/lib/avr5\libm.a(fp_pscA.o)
 .bss           0x00000000        0x0 c:/program files/atmel/studio/7.0/toolchain/avr8/avr8-gnu-toolchain/bin/../lib/gcc/avr/4.9.2/../../../../avr/lib/avr5\libm.a(fp_pscA.o)
 .text          0x00000000        0x0 c:/program files/atmel/studio/7.0/toolchain/avr8/avr8-gnu-toolchain/bin/../lib/gcc/avr/4.9.2/../../../../avr/lib/avr5\libm.a(fp_pscB.o)
 .data          0x00000000        0x0 c:/program files/atmel/studio/7.0/toolchain/avr8/avr8-gnu-toolchain/bin/../lib/gcc/avr/4.9.2/../../../../avr/lib/avr5\libm.a(fp_pscB.o)
 .bss           0x00000000        0x0 c:/program files/atmel/studio/7.0/toolchain/avr8/avr8-gnu-toolchain/bin/../lib/gcc/avr/4.9.2/../../../../avr/lib/avr5\libm.a(fp_pscB.o)
 .text          0x00000000        0x0 c:/program files/atmel/studio/7.0/toolchain/avr8/avr8-gnu-toolchain/bin/../lib/gcc/avr/4.9.2/../../../../avr/lib/avr5\libm.a(fp_round.o)
 .data          0x00000000        0x0 c:/program files/atmel/studio/7.0/toolchain/avr8/avr8-gnu-toolchain/bin/../lib/gcc/avr/4.9.2/../../../../avr/lib/avr5\libm.a(fp_round.o)
 .bss           0x00000000        0x0 c:/program files/atmel/studio/7.0/toolchain/avr8/avr8-gnu-toolchain/bin/../lib/gcc/avr/4.9.2/../../../../avr/lib/avr5\libm.a(fp_round.o)
 .text          0x00000000        0x0 c:/program files/atmel/studio/7.0/toolchain/avr8/avr8-gnu-toolchain/bin/../lib/gcc/avr/4.9.2/../../../../avr/lib/avr5\libm.a(fp_split3.o)
 .data          0x00000000        0x0 c:/program files/atmel/studio/7.0/toolchain/avr8/avr8-gnu-toolchain/bin/../lib/gcc/avr/4.9.2/../../../../avr/lib/avr5\libm.a(fp_split3.o)
 .bss           0x00000000        0x0 c:/program files/atmel/studio/7.0/toolchain/avr8/avr8-gnu-toolchain/bin/../lib/gcc/avr/4.9.2/../../../../avr/lib/avr5\libm.a(fp_split3.o)
 .text          0x00000000        0x0 c:/program files/atmel/studio/7.0/toolchain/avr8/avr8-gnu-toolchain/bin/../lib/gcc/avr/4.9.2/../../../../avr/lib/avr5\libm.a(fp_zero.o)
 .data          0x00000000        0x0 c:/program files/atmel/studio/7.0/toolchain/avr8/avr8-gnu-toolchain/bin/../lib/gcc/avr/4.9.2/../../../../avr/lib/avr5\libm.a(fp_zero.o)
 .bss           0x00000000        0x0 c:/program files/atmel/studio/7.0/toolchain/avr8/avr8-gnu-toolchain/bin/../lib/gcc/avr/4.9.2/../../../../avr/lib/avr5\libm.a(fp_zero.o)
 .text          0x00000000        0x0 c:/program files/atmel/studio/7.0/toolchain/avr8/avr8-gnu-toolchain/bin/../lib/gcc/avr/4.9.2/../../../../avr/lib/avr5\libm.a(gesf2.o)
 .data          0x00000000        0x0 c:/program files/atmel/studio/7.0/toolchain/avr8/avr8-gnu-toolchain/bin/../lib/gcc/avr/4.9.2/../../../../avr/lib/avr5\libm.a(gesf2.o)
 .bss           0x00000000        0x0 c:/program files/atmel/studio/7.0/toolchain/avr8/avr8-gnu-toolchain/bin/../lib/gcc/avr/4.9.2/../../../../avr/lib/avr5\libm.a(gesf2.o)
 .text          0x00000000        0x0 c:/program files/atmel/studio/7.0/toolchain/avr8/avr8-gnu-toolchain/bin/../lib/gcc/avr/4.9.2/avr5\libgcc.a(_exit.o)
 .data          0x00000000        0x0 c:/program files/atmel/studio/7.0/toolchain/avr8/avr8-gnu-toolchain/bin/../lib/gcc/avr/4.9.2/avr5\libgcc.a(_exit.o)
 .bss           0x00000000        0x0 c:/program files/atmel/studio/7.0/toolchain/avr8/avr8-gnu-toolchain/bin/../lib/gcc/avr/4.9.2/avr5\libgcc.a(_exit.o)
 .text.libgcc.mul
                0x00000000        0x0 c:/program files/atmel/studio/7.0/toolchain/avr8/avr8-gnu-toolchain/bin/../lib/gcc/avr/4.9.2/avr5\libgcc.a(_exit.o)
 .text.libgcc.div
                0x00000000        0x0 c:/program files/atmel/studio/7.0/toolchain/avr8/avr8-gnu-toolchain/bin/../lib/gcc/avr/4.9.2/avr5\libgcc.a(_exit.o)
 .text.libgcc   0x00000000        0x0 c:/program files/atmel/studio/7.0/toolchain/avr8/avr8-gnu-toolchain/bin/../lib/gcc/avr/4.9.2/avr5\libgcc.a(_exit.o)
 .text.libgcc.prologue
                0x00000000        0x0 c:/program files/atmel/studio/7.0/toolchain/avr8/avr8-gnu-toolchain/bin/../lib/gcc/avr/4.9.2/avr5\libgcc.a(_exit.o)
 .text.libgcc.builtins
                0x00000000        0x0 c:/program files/atmel/studio/7.0/toolchain/avr8/avr8-gnu-toolchain/bin/../lib/gcc/avr/4.9.2/avr5\libgcc.a(_exit.o)
 .text.libgcc.fmul
                0x00000000        0x0 c:/program files/atmel/studio/7.0/toolchain/avr8/avr8-gnu-toolchain/bin/../lib/gcc/avr/4.9.2/avr5\libgcc.a(_exit.o)
 .text.libgcc.fixed
                0x00000000        0x0 c:/program files/atmel/studio/7.0/toolchain/avr8/avr8-gnu-toolchain/bin/../lib/gcc/avr/4.9.2/avr5\libgcc.a(_exit.o)
 .text          0x00000000        0x0 c:/program files/atmel/studio/7.0/toolchain/avr8/avr8-gnu-toolchain/bin/../lib/gcc/avr/4.9.2/avr5\libgcc.a(_copy_data.o)
 .data          0x00000000        0x0 c:/program files/atmel/studio/7.0/toolchain/avr8/avr8-gnu-toolchain/bin/../lib/gcc/avr/4.9.2/avr5\libgcc.a(_copy_data.o)
 .bss           0x00000000        0x0 c:/program files/atmel/studio/7.0/toolchain/avr8/avr8-gnu-toolchain/bin/../lib/gcc/avr/4.9.2/avr5\libgcc.a(_copy_data.o)
 .text.libgcc.mul
                0x00000000        0x0 c:/program files/atmel/studio/7.0/toolchain/avr8/avr8-gnu-toolchain/bin/../lib/gcc/avr/4.9.2/avr5\libgcc.a(_copy_data.o)
 .text.libgcc.div
                0x00000000        0x0 c:/program files/atmel/studio/7.0/toolchain/avr8/avr8-gnu-toolchain/bin/../lib/gcc/avr/4.9.2/avr5\libgcc.a(_copy_data.o)
 .text.libgcc   0x00000000        0x0 c:/program files/atmel/studio/7.0/toolchain/avr8/avr8-gnu-toolchain/bin/../lib/gcc/avr/4.9.2/avr5\libgcc.a(_copy_data.o)
 .text.libgcc.prologue
                0x00000000        0x0 c:/program files/atmel/studio/7.0/toolchain/avr8/avr8-gnu-toolchain/bin/../lib/gcc/avr/4.9.2/avr5\libgcc.a(_copy_data.o)
 .text.libgcc.builtins
                0x00000000        0x0 c:/program files/atmel/studio/7.0/toolchain/avr8/avr8-gnu-toolchain/bin/../lib/gcc/avr/4.9.2/avr5\libgcc.a(_copy_data.o)
 .text.libgcc.fmul
                0x00000000        0x0 c:/program files/atmel/studio/7.0/toolchain/avr8/avr8-gnu-toolchain/bin/../lib/gcc/avr/4.9.2/avr5\libgcc.a(_copy_data.o)
 .text.libgcc.fixed
                0x00000000        0x0 c:/program files/atmel/studio/7.0/toolchain/avr8/avr8-gnu-toolchain/bin/../lib/gcc/avr/4.9.2/avr5\libgcc.a(_copy_data.o)
 .text          0x00000000        0x0 c:/program files/atmel/studio/7.0/toolchain/avr8/avr8-gnu-toolchain/bin/../lib/gcc/avr/4.9.2/../../../../avr/lib/avr5\libc.a(itoa_ncheck.o)
 .data          0x00000000        0x0 c:/program files/atmel/studio/7.0/toolchain/avr8/avr8-gnu-toolchain/bin/../lib/gcc/avr/4.9.2/../../../../avr/lib/avr5\libc.a(itoa_ncheck.o)
 .bss           0x00000000        0x0 c:/program files/atmel/studio/7.0/toolchain/avr8/avr8-gnu-toolchain/bin/../lib/gcc/avr/4.9.2/../../../../avr/lib/avr5\libc.a(itoa_ncheck.o)
 .text.avr-libc
                0x00000000       0x16 c:/program files/atmel/studio/7.0/toolchain/avr8/avr8-gnu-toolchain/bin/../lib/gcc/avr/4.9.2/../../../../avr/lib/avr5\libc.a(itoa_ncheck.o)
 .text          0x00000000        0x0 c:/program files/atmel/studio/7.0/toolchain/avr8/avr8-gnu-toolchain/bin/../lib/gcc/avr/4.9.2/../../../../avr/lib/avr5\libc.a(utoa_ncheck.o)
 .data          0x00000000        0x0 c:/program files/atmel/studio/7.0/toolchain/avr8/avr8-gnu-toolchain/bin/../lib/gcc/avr/4.9.2/../../../../avr/lib/avr5\libc.a(utoa_ncheck.o)
 .bss           0x00000000        0x0 c:/program files/atmel/studio/7.0/toolchain/avr8/avr8-gnu-toolchain/bin/../lib/gcc/avr/4.9.2/../../../../avr/lib/avr5\libc.a(utoa_ncheck.o)
 .text.avr-libc
                0x00000000       0x34 c:/program files/atmel/studio/7.0/toolchain/avr8/avr8-gnu-toolchain/bin/../lib/gcc/avr/4.9.2/../../../../avr/lib/avr5\libc.a(utoa_ncheck.o)
 .text          0x00000000        0x0 c:/program files/atmel/studio/7.0/toolchain/avr8/avr8-gnu-toolchain/bin/../lib/gcc/avr/4.9.2/../../../../avr/lib/avr5\libc.a(strrev.o)
 .data          0x00000000        0x0 c:/program files/atmel/studio/7.0/toolchain/avr8/avr8-gnu-toolchain/bin/../lib/gcc/avr/4.9.2/../../../../avr/lib/avr5\libc.a(strrev.o)
 .bss           0x00000000        0x0 c:/program files/atmel/studio/7.0/toolchain/avr8/avr8-gnu-toolchain/bin/../lib/gcc/avr/4.9.2/../../../../avr/lib/avr5\libc.a(strrev.o)
 .text.avr-libc
                0x00000000       0x20 c:/program files/atmel/studio/7.0/toolchain/avr8/avr8-gnu-toolchain/bin/../lib/gcc/avr/4.9.2/../../../../avr/lib/avr5\libc.a(strrev.o)

Memory Configuration

Name             Origin             Length             Attributes
text             0x00000000         0x00020000         xr
data             0x00800060         0x0000ffa0         rw !x
eeprom           0x00810000         0x00010000         rw !x
fuse             0x00820000         0x00000400         rw !x
lock             0x00830000         0x00000400         rw !x
signature        0x00840000         0x00000400         rw !x
user_signatures  0x00850000         0x00000400         rw !x
*default*        0x00000000         0xffffffff

Linker script and memory map

LOAD C:/Program Files/Atmel/Studio/7.0/Packs/atmel/ATmega_DFP/1.0.90/gcc/dev/atmega32/avr5/crtatmega32.o
LOAD controller/Microcontroller.o
LOAD controller/Pinset.o
LOAD drivers/AnalogInput.o
LOAD drivers/Communication.o
LOAD drivers/Device.o
LOAD drivers/Input.o
LOAD drivers/DigitalOutput.o
LOAD drivers/Keypad.o
LOAD drivers/Output.o
LOAD drivers/ParallelTextLCD.o
LOAD drivers/PushButtonSwitch.o
LOAD drivers/Storage.o
LOAD drivers/Timer.o
LOAD drivers/USART.o
LOAD interface/Istream.o
LOAD main.o
START GROUP
LOAD c:/program files/atmel/studio/7.0/toolchain/avr8/avr8-gnu-toolchain/bin/../lib/gcc/avr/4.9.2/../../../../avr/lib/avr5\libm.a
END GROUP
LOAD c:/program files/atmel/studio/7.0/toolchain/avr8/avr8-gnu-toolchain/bin/../lib/gcc/avr/4.9.2/avr5\libgcc.a
LOAD c:/program files/atmel/studio/7.0/toolchain/avr8/avr8-gnu-toolchain/bin/../lib/gcc/avr/4.9.2/../../../../avr/lib/avr5\libm.a
START GROUP
LOAD c:/program files/atmel/studio/7.0/toolchain/avr8/avr8-gnu-toolchain/bin/../lib/gcc/avr/4.9.2/avr5\libgcc.a
LOAD c:/program files/atmel/studio/7.0/toolchain/avr8/avr8-gnu-toolchain/bin/../lib/gcc/avr/4.9.2/../../../../avr/lib/avr5\libm.a
LOAD c:/program files/atmel/studio/7.0/toolchain/avr8/avr8-gnu-toolchain/bin/../lib/gcc/avr/4.9.2/../../../../avr/lib/avr5\libc.a
LOAD C:/Program Files/Atmel/Studio/7.0/Packs/atmel/ATmega_DFP/1.0.90/gcc/dev/atmega32/avr5\libatmega32.a
END GROUP

.hash
 *(.hash)

.dynsym
 *(.dynsym)

.dynstr
 *(.dynstr)

.gnu.version
 *(.gnu.version)

.gnu.version_d
 *(.gnu.version_d)

.gnu.version_r
 *(.gnu.version_r)

.rel.init
 *(.rel.init)

.rela.init
 *(.rela.init)

.rel.text
 *(.rel.text)
 *(.rel.text.*)
 *(.rel.gnu.linkonce.t*)

.rela.text
 *(.rela.text)
 *(.rela.text.*)
 *(.rela.gnu.linkonce.t*)

.rel.fini
 *(.rel.fini)

.rela.fini
 *(.rela.fini)

.rel.rodata
 *(.rel.rodata)
 *(.rel.rodata.*)
 *(.rel.gnu.linkonce.r*)

.rela.rodata
 *(.rela.rodata)
 *(.rela.rodata.*)
 *(.rela.gnu.linkonce.r*)

.rel.data
 *(.rel.data)
 *(.rel.data.*)
 *(.rel.gnu.linkonce.d*)

.rela.data
 *(.rela.data)
 *(.rela.data.*)
 *(.rela.gnu.linkonce.d*)

.rel.ctors
 *(.rel.ctors)

.rela.ctors
 *(.rela.ctors)

.rel.dtors
 *(.rel.dtors)

.rela.dtors
 *(.rela.dtors)

.rel.got
 *(.rel.got)

.rela.got
 *(.rela.got)

.rel.bss
 *(.rel.bss)

.rela.bss
 *(.rela.bss)

.rel.plt
 *(.rel.plt)

.rela.plt
 *(.rela.plt)

.text           0x00000000      0xc3a
 *(.vectors)
 .vectors       0x00000000       0x54 C:/Program Files/Atmel/Studio/7.0/Packs/atmel/ATmega_DFP/1.0.90/gcc/dev/atmega32/avr5/crtatmega32.o
                0x00000000                __vector_default
                0x00000000                __vectors
 *(.vectors)
 *(.progmem.gcc*)
                0x00000054                . = ALIGN (0x2)
                0x00000054                __trampolines_start = .
 *(.trampolines)
 .trampolines   0x00000054        0x0 linker stubs
 *(.trampolines*)
                0x00000054                __trampolines_end = .
 *(.progmem*)
                0x00000054                . = ALIGN (0x2)
 *(.jumptables)
 *(.jumptables*)
 *(.lowtext)
 *(.lowtext*)
                0x00000054                __ctors_start = .
 *(.ctors)
                0x00000054                __ctors_end = .
                0x00000054                __dtors_start = .
 *(.dtors)
                0x00000054                __dtors_end = .
 SORT(*)(.ctors)
 SORT(*)(.dtors)
 *(.init0)
 .init0         0x00000054        0x0 C:/Program Files/Atmel/Studio/7.0/Packs/atmel/ATmega_DFP/1.0.90/gcc/dev/atmega32/avr5/crtatmega32.o
                0x00000054                __init
 *(.init0)
 *(.init1)
 *(.init1)
 *(.init2)
 .init2         0x00000054        0xc C:/Program Files/Atmel/Studio/7.0/Packs/atmel/ATmega_DFP/1.0.90/gcc/dev/atmega32/avr5/crtatmega32.o
 *(.init2)
 *(.init3)
 *(.init3)
 *(.init4)
 .init4         0x00000060       0x16 c:/program files/atmel/studio/7.0/toolchain/avr8/avr8-gnu-toolchain/bin/../lib/gcc/avr/4.9.2/avr5\libgcc.a(_copy_data.o)
                0x00000060                __do_copy_data
 *(.init4)
 *(.init5)
 *(.init5)
 *(.init6)
 *(.init6)
 *(.init7)
 *(.init7)
 *(.init8)
 *(.init8)
 *(.init9)
 .init9         0x00000076        0x8 C:/Program Files/Atmel/Studio/7.0/Packs/atmel/ATmega_DFP/1.0.90/gcc/dev/atmega32/avr5/crtatmega32.o
 *(.init9)
 *(.text)
 .text          0x0000007e        0x4 C:/Program Files/Atmel/Studio/7.0/Packs/atmel/ATmega_DFP/1.0.90/gcc/dev/atmega32/avr5/crtatmega32.o
                0x0000007e                __vector_1
                0x0000007e                __vector_12
                0x0000007e                __bad_interrupt
                0x0000007e                __vector_6
                0x0000007e                __vector_3
                0x0000007e                __vector_11
                0x0000007e                __vector_13
                0x0000007e                __vector_17
                0x0000007e                __vector_19
                0x0000007e                __vector_7
                0x0000007e                __vector_5
                0x0000007e                __vector_4
                0x0000007e                __vector_9
                0x0000007e                __vector_2
                0x0000007e                __vector_15
                0x0000007e                __vector_8
                0x0000007e                __vector_14
                0x0000007e                __vector_10
                0x0000007e                __vector_16
                0x0000007e                __vector_18
                0x0000007e                __vector_20
                0x00000082                . = ALIGN (0x2)
 *(.text.*)
 .text._ZN8Integral6Device9setStatusENS_3PINEb
                0x00000082      0x118 drivers/Device.o
                0x00000082                _ZN8Integral6Device9setStatusENS_3PINEb
 .text._ZN8Integral6Device12setDirectionENS_3PINEb
                0x0000019a      0x118 drivers/Device.o
                0x0000019a                _ZN8Integral6Device12setDirectionENS_3PINEb
 .text._ZN8Integral6Device9getStatusENS_3PINE
                0x000002b2       0x78 drivers/Device.o
                0x000002b2                _ZN8Integral6Device9getStatusENS_3PINE
 .text._ZN8Integral6Device9setStatusENS_4PORTEi
                0x0000032a       0x26 drivers/Device.o
                0x0000032a                _ZN8Integral6Device9setStatusENS_4PORTEi
 .text._ZN8Integral6Device12setDirectionENS_4PORTEi
                0x00000350       0x26 drivers/Device.o
                0x00000350                _ZN8Integral6Device12setDirectionENS_4PORTEi
 .text._ZN8Integral6Device9getStatusENS_4PORTENS_8POSITIONE
                0x00000376       0x62 drivers/Device.o
                0x00000376                _ZN8Integral6Device9getStatusENS_4PORTENS_8POSITIONE
 .text._ZN8Integral6Keypad10initializeEv
                0x000003d8       0x20 drivers/Keypad.o
                0x000003d8                _ZN8Integral6Keypad10initializeEv
 .text._ZN8Integral6KeypadC2ENS_4PORTE
                0x000003f8       0x12 drivers/Keypad.o
                0x000003f8                _ZN8Integral6KeypadC1ENS_4PORTE
                0x000003f8                _ZN8Integral6KeypadC2ENS_4PORTE
 .text._ZN8Integral6Keypad13switchPressedENS_3PINE
                0x0000040a      0x12e drivers/Keypad.o
                0x0000040a                _ZN8Integral6Keypad13switchPressedENS_3PINE
 .text._ZN8Integral6Keypad9isPressedEv
                0x00000538       0x7a drivers/Keypad.o
                0x00000538                _ZN8Integral6Keypad9isPressedEv
 .text._ZN8Integral15ParallelTextLCD13action_enableEv
                0x000005b2       0x20 drivers/ParallelTextLCD.o
                0x000005b2                _ZN8Integral15ParallelTextLCD13action_enableEv
 .text._ZN8Integral15ParallelTextLCD9wait_busyEv
                0x000005d2       0x44 drivers/ParallelTextLCD.o
                0x000005d2                _ZN8Integral15ParallelTextLCD9wait_busyEv
 .text._ZN8Integral15ParallelTextLCD7commandEh
                0x00000616       0x40 drivers/ParallelTextLCD.o
                0x00000616                _ZN8Integral15ParallelTextLCD7commandEh
 .text._ZN8Integral15ParallelTextLCD10initializeEv
                0x00000656       0x64 drivers/ParallelTextLCD.o
                0x00000656                _ZN8Integral15ParallelTextLCD10initializeEv
 .text._ZN8Integral15ParallelTextLCDC2ENS_4PORTENS_3PINES2_S2_
                0x000006ba       0x38 drivers/ParallelTextLCD.o
                0x000006ba                _ZN8Integral15ParallelTextLCDC2ENS_4PORTENS_3PINES2_S2_
                0x000006ba                _ZN8Integral15ParallelTextLCDC1ENS_4PORTENS_3PINES2_S2_
 .text._ZN8Integral15ParallelTextLCD8positionEii
                0x000006f2       0x18 drivers/ParallelTextLCD.o
                0x000006f2                _ZN8Integral15ParallelTextLCD8positionEii
 .text._ZN8Integral15ParallelTextLCD9characterEh
                0x0000070a       0x40 drivers/ParallelTextLCD.o
                0x0000070a                _ZN8Integral15ParallelTextLCD9characterEh
 .text._ZN8Integral15ParallelTextLCD6stringEPKc
                0x0000074a       0x2a drivers/ParallelTextLCD.o
                0x0000074a                _ZN8Integral15ParallelTextLCD6stringEPKc
 .text._ZN8Integral15ParallelTextLCD6stringEiiPKc
                0x00000774       0x22 drivers/ParallelTextLCD.o
                0x00000774                _ZN8Integral15ParallelTextLCD6stringEiiPKc
 .text._ZN8Integral7IstreamC2Ev
                0x00000796       0x26 interface/Istream.o
                0x00000796                _ZN8Integral7IstreamC2Ev
                0x00000796                _ZN8Integral7IstreamC1Ev
 .text._ZN8Integral7Istream6updateENS_12KeypadMatrixE
                0x000007bc      0x12e interface/Istream.o
                0x000007bc                _ZN8Integral7Istream6updateENS_12KeypadMatrixE
 .text.main     0x000008ea       0x90 main.o
                0x000008ea                main
 .text.avr-libc.fplib
                0x0000097a        0xe c:/program files/atmel/studio/7.0/toolchain/avr8/avr8-gnu-toolchain/bin/../lib/gcc/avr/4.9.2/../../../../avr/lib/avr5\libm.a(addsf3.o)
                0x0000097a                __subsf3
                0x0000097c                __addsf3
 .text.avr-libc.fplib
                0x00000988       0xcc c:/program files/atmel/studio/7.0/toolchain/avr8/avr8-gnu-toolchain/bin/../lib/gcc/avr/4.9.2/../../../../avr/lib/avr5\libm.a(addsf3x.o)
                0x000009aa                __addsf3x
 .text.avr-libc.fplib
                0x00000a54        0xa c:/program files/atmel/studio/7.0/toolchain/avr8/avr8-gnu-toolchain/bin/../lib/gcc/avr/4.9.2/../../../../avr/lib/avr5\libm.a(cmpsf2.o)
                0x00000a54                __nesf2
                0x00000a54                __eqsf2
                0x00000a54                __cmpsf2
                0x00000a54                __ltsf2
                0x00000a54                __lesf2
 .text.avr-libc.fplib
                0x00000a5e        0x8 c:/program files/atmel/studio/7.0/toolchain/avr8/avr8-gnu-toolchain/bin/../lib/gcc/avr/4.9.2/../../../../avr/lib/avr5\libm.a(divsf3.o)
                0x00000a5e                __divsf3
 .text.avr-libc.fplib
                0x00000a66       0xdc c:/program files/atmel/studio/7.0/toolchain/avr8/avr8-gnu-toolchain/bin/../lib/gcc/avr/4.9.2/../../../../avr/lib/avr5\libm.a(divsf3x.o)
                0x00000a86                __divsf3x
                0x00000a8c                __divsf3_pse
 .text.avr-libc.fplib
                0x00000b42       0x48 c:/program files/atmel/studio/7.0/toolchain/avr8/avr8-gnu-toolchain/bin/../lib/gcc/avr/4.9.2/../../../../avr/lib/avr5\libm.a(fp_cmp.o)
                0x00000b42                __fp_cmp
 .text.avr-libc.fplib
                0x00000b8a        0xc c:/program files/atmel/studio/7.0/toolchain/avr8/avr8-gnu-toolchain/bin/../lib/gcc/avr/4.9.2/../../../../avr/lib/avr5\libm.a(fp_inf.o)
                0x00000b8a                __fp_inf
 .text.avr-libc.fplib
                0x00000b96        0x6 c:/program files/atmel/studio/7.0/toolchain/avr8/avr8-gnu-toolchain/bin/../lib/gcc/avr/4.9.2/../../../../avr/lib/avr5\libm.a(fp_nan.o)
                0x00000b96                __fp_nan
 .text.avr-libc.fplib
                0x00000b9c        0xe c:/program files/atmel/studio/7.0/toolchain/avr8/avr8-gnu-toolchain/bin/../lib/gcc/avr/4.9.2/../../../../avr/lib/avr5\libm.a(fp_pscA.o)
                0x00000b9c                __fp_pscA
 .text.avr-libc.fplib
                0x00000baa        0xe c:/program files/atmel/studio/7.0/toolchain/avr8/avr8-gnu-toolchain/bin/../lib/gcc/avr/4.9.2/../../../../avr/lib/avr5\libm.a(fp_pscB.o)
                0x00000baa                __fp_pscB
 .text.avr-libc.fplib
                0x00000bb8       0x22 c:/program files/atmel/studio/7.0/toolchain/avr8/avr8-gnu-toolchain/bin/../lib/gcc/avr/4.9.2/../../../../avr/lib/avr5\libm.a(fp_round.o)
                0x00000bb8                __fp_round
 .text.avr-libc.fplib
                0x00000bda       0x44 c:/program files/atmel/studio/7.0/toolchain/avr8/avr8-gnu-toolchain/bin/../lib/gcc/avr/4.9.2/../../../../avr/lib/avr5\libm.a(fp_split3.o)
                0x00000bda                __fp_split3
                0x00000bea                __fp_splitA
 .text.avr-libc.fplib
                0x00000c1e        0xe c:/program files/atmel/studio/7.0/toolchain/avr8/avr8-gnu-toolchain/bin/../lib/gcc/avr/4.9.2/../../../../avr/lib/avr5\libm.a(fp_zero.o)
                0x00000c1e                __fp_zero
                0x00000c20                __fp_szero
 .text.avr-libc.fplib
                0x00000c2c        0xa c:/program files/atmel/studio/7.0/toolchain/avr8/avr8-gnu-toolchain/bin/../lib/gcc/avr/4.9.2/../../../../avr/lib/avr5\libm.a(gesf2.o)
                0x00000c2c                __gesf2
                0x00000c2c                __gtsf2
                0x00000c36                . = ALIGN (0x2)
 *(.fini9)
 .fini9         0x00000c36        0x0 c:/program files/atmel/studio/7.0/toolchain/avr8/avr8-gnu-toolchain/bin/../lib/gcc/avr/4.9.2/avr5\libgcc.a(_exit.o)
                0x00000c36                _exit
                0x00000c36                exit
 *(.fini9)
 *(.fini8)
 *(.fini8)
 *(.fini7)
 *(.fini7)
 *(.fini6)
 *(.fini6)
 *(.fini5)
 *(.fini5)
 *(.fini4)
 *(.fini4)
 *(.fini3)
 *(.fini3)
 *(.fini2)
 *(.fini2)
 *(.fini1)
 *(.fini1)
 *(.fini0)
 .fini0         0x00000c36        0x4 c:/program files/atmel/studio/7.0/toolchain/avr8/avr8-gnu-toolchain/bin/../lib/gcc/avr/4.9.2/avr5\libgcc.a(_exit.o)
 *(.fini0)
                0x00000c3a                _etext = .

.data           0x00800060       0x26 load address 0x00000c3a
                0x00800060                PROVIDE (__data_start, .)
 *(.data)
 *(.data*)
 *(.rodata)
 .rodata        0x00800060        0x8 drivers/ParallelTextLCD.o
 .rodata        0x00800068       0x10 interface/Istream.o
 *(.rodata*)
 .rodata._ZTVN8Integral6KeypadE
                0x00800078        0x6 drivers/Keypad.o
                0x00800078                _ZTVN8Integral6KeypadE
 .rodata._ZTVN8Integral15ParallelTextLCDE
                0x0080007e        0x6 drivers/ParallelTextLCD.o
                0x0080007e                _ZTVN8Integral15ParallelTextLCDE
 .rodata.str1.1
                0x00800084        0x1 interface/Istream.o
 *(.gnu.linkonce.d*)
                0x00800086                . = ALIGN (0x2)
 *fill*         0x00800085        0x1 
                0x00800086                _edata = .
                0x00800086                PROVIDE (__data_end, .)

.bss            0x00800086        0x0
                0x00800086                PROVIDE (__bss_start, .)
 *(.bss)
 *(.bss*)
 *(COMMON)
                0x00800086                PROVIDE (__bss_end, .)
                0x00000c3a                __data_load_start = LOADADDR (.data)
                0x00000c60                __data_load_end = (__data_load_start + SIZEOF (.data))

.noinit         0x00800086        0x0
                0x00800086                PROVIDE (__noinit_start, .)
 *(.noinit*)
                0x00800086                PROVIDE (__noinit_end, .)
                0x00800086                _end = .
                0x00800086                PROVIDE (__heap_start, .)

.eeprom         0x00810000        0x0
 *(.eeprom*)
                0x00810000                __eeprom_end = .

.fuse
 *(.fuse)
 *(.lfuse)
 *(.hfuse)
 *(.efuse)

.lock
 *(.lock*)

.signature
 *(.signature*)

.user_signatures
 *(.user_signatures*)

.stab
 *(.stab)

.stabstr
 *(.stabstr)

.stab.excl
 *(.stab.excl)

.stab.exclstr
 *(.stab.exclstr)

.stab.index
 *(.stab.index)

.stab.indexstr
 *(.stab.indexstr)

.comment        0x00000000       0x30
 *(.comment)
 .comment       0x00000000       0x30 drivers/Device.o
                                 0x31 (size before relaxing)
 .comment       0x00000030       0x31 drivers/Keypad.o
 .comment       0x00000030       0x31 drivers/ParallelTextLCD.o
 .comment       0x00000030       0x31 interface/Istream.o
 .comment       0x00000030       0x31 main.o

.note.gnu.avr.deviceinfo
                0x00000000       0x3c
 .note.gnu.avr.deviceinfo
                0x00000000       0x3c C:/Program Files/Atmel/Studio/7.0/Packs/atmel/ATmega_DFP/1.0.90/gcc/dev/atmega32/avr5/crtatmega32.o

.note.gnu.build-id
 *(.note.gnu.build-id)

.debug
 *(.debug)

.line
 *(.line)

.debug_srcinfo
 *(.debug_srcinfo)

.debug_sfnames
 *(.debug_sfnames)

.debug_aranges  0x00000000      0x178
 *(.debug_aranges)
 .debug_aranges
                0x00000000       0x58 drivers/Device.o
 .debug_aranges
                0x00000058       0x48 drivers/Keypad.o
 .debug_aranges
                0x000000a0       0x88 drivers/ParallelTextLCD.o
 .debug_aranges
                0x00000128       0x30 interface/Istream.o
 .debug_aranges
                0x00000158       0x20 main.o

.debug_pubnames
 *(.debug_pubnames)

.debug_info     0x00000000     0x28e0
 *(.debug_info .gnu.linkonce.wi.*)
 .debug_info    0x00000000      0x44a drivers/Device.o
 .debug_info    0x0000044a      0x973 drivers/Keypad.o
 .debug_info    0x00000dbd     0x1326 drivers/ParallelTextLCD.o
 .debug_info    0x000020e3      0x331 interface/Istream.o
 .debug_info    0x00002414      0x4cc main.o

.debug_abbrev   0x00000000      0xc1a
 *(.debug_abbrev)
 .debug_abbrev  0x00000000      0x119 drivers/Device.o
 .debug_abbrev  0x00000119      0x325 drivers/Keypad.o
 .debug_abbrev  0x0000043e      0x3da drivers/ParallelTextLCD.o
 .debug_abbrev  0x00000818      0x1c8 interface/Istream.o
 .debug_abbrev  0x000009e0      0x23a main.o

.debug_line     0x00000000      0x846
 *(.debug_line .debug_line.* .debug_line_end)
 .debug_line    0x00000000      0x19b drivers/Device.o
 .debug_line    0x0000019b      0x14f drivers/Keypad.o
 .debug_line    0x000002ea      0x2e0 drivers/ParallelTextLCD.o
 .debug_line    0x000005ca       0xfd interface/Istream.o
 .debug_line    0x000006c7      0x17f main.o

.debug_frame    0x00000000      0x484
 *(.debug_frame)
 .debug_frame   0x00000000       0x94 drivers/Device.o
 .debug_frame   0x00000094      0x124 drivers/Keypad.o
 .debug_frame   0x000001b8      0x210 drivers/ParallelTextLCD.o
 .debug_frame   0x000003c8       0x88 interface/Istream.o
 .debug_frame   0x00000450       0x34 main.o

.debug_str      0x00000000      0xb7d
 *(.debug_str)
 .debug_str     0x00000000      0x496 drivers/Device.o
                                0x4d1 (size before relaxing)
 .debug_str     0x00000496      0x21a drivers/Keypad.o
                                0x6d3 (size before relaxing)
 .debug_str     0x000006b0      0x41d drivers/ParallelTextLCD.o
                                0x94f (size before relaxing)
 .debug_str     0x00000acd       0x9d interface/Istream.o
                                0x2c3 (size before relaxing)
 .debug_str     0x00000b6a       0x13 main.o
                                0x45f (size before relaxing)

.debug_loc      0x00000000     0x191c
 *(.debug_loc)
 .debug_loc     0x00000000      0x5ea drivers/Device.o
 .debug_loc     0x000005ea      0x572 drivers/Keypad.o
 .debug_loc     0x00000b5c      0xc2f drivers/ParallelTextLCD.o
 .debug_loc     0x0000178b      0x149 interface/Istream.o
 .debug_loc     0x000018d4       0x48 main.o

.debug_macinfo
 *(.debug_macinfo)

.debug_weaknames
 *(.debug_weaknames)

.debug_funcnames
 *(.debug_funcnames)

.debug_typenames
 *(.debug_typenames)

.debug_varnames
 *(.debug_varnames)

.debug_pubtypes
 *(.debug_pubtypes)

.debug_ranges   0x00000000      0x170
 *(.debug_ranges)
 .debug_ranges  0x00000000       0x48 drivers/Device.o
 .debug_ranges  0x00000048       0x50 drivers/Keypad.o
 .debug_ranges  0x00000098       0x78 drivers/ParallelTextLCD.o
 .debug_ranges  0x00000110       0x50 interface/Istream.o
 .debug_ranges  0x00000160       0x10 main.o

.debug_macro
 *(.debug_macro)
OUTPUT(MicrocontrollerSystem.elf elf32-avr)
LOAD linker stubs
