Archive member included to satisfy reference by file (symbol)

e:/microsoft visual studio/atmel studio 7.0/7.0/toolchain/avr8/avr8-gnu-toolchain/bin/../lib/gcc/avr/4.9.2/avr5\libgcc.a(_exit.o)
                              E:/Microsoft Visual Studio/Atmel Studio 7.0/7.0/Packs/atmel/ATmega_DFP/1.0.98/gcc/dev/atmega32/avr5/crtatmega32.o (exit)
e:/microsoft visual studio/atmel studio 7.0/7.0/toolchain/avr8/avr8-gnu-toolchain/bin/../lib/gcc/avr/4.9.2/avr5\libgcc.a(_copy_data.o)
                              drivers/Communication.o (__do_copy_data)
e:/microsoft visual studio/atmel studio 7.0/7.0/toolchain/avr8/avr8-gnu-toolchain/bin/../lib/gcc/avr/4.9.2/../../../../avr/lib/avr5\libc.a(itoa_ncheck.o)
                              drivers/ParallelTextLCD.o (__itoa_ncheck)
e:/microsoft visual studio/atmel studio 7.0/7.0/toolchain/avr8/avr8-gnu-toolchain/bin/../lib/gcc/avr/4.9.2/../../../../avr/lib/avr5\libc.a(utoa_ncheck.o)
                              e:/microsoft visual studio/atmel studio 7.0/7.0/toolchain/avr8/avr8-gnu-toolchain/bin/../lib/gcc/avr/4.9.2/../../../../avr/lib/avr5\libc.a(itoa_ncheck.o) (__utoa_common)
e:/microsoft visual studio/atmel studio 7.0/7.0/toolchain/avr8/avr8-gnu-toolchain/bin/../lib/gcc/avr/4.9.2/../../../../avr/lib/avr5\libc.a(strrev.o)
                              e:/microsoft visual studio/atmel studio 7.0/7.0/toolchain/avr8/avr8-gnu-toolchain/bin/../lib/gcc/avr/4.9.2/../../../../avr/lib/avr5\libc.a(utoa_ncheck.o) (strrev)

Discarded input sections

 .data          0x00000000        0x0 E:/Microsoft Visual Studio/Atmel Studio 7.0/7.0/Packs/atmel/ATmega_DFP/1.0.98/gcc/dev/atmega32/avr5/crtatmega32.o
 .bss           0x00000000        0x0 E:/Microsoft Visual Studio/Atmel Studio 7.0/7.0/Packs/atmel/ATmega_DFP/1.0.98/gcc/dev/atmega32/avr5/crtatmega32.o
 .text          0x00000000        0x0 controller/Microcontroller.o
 .data          0x00000000        0x0 controller/Microcontroller.o
 .bss           0x00000000        0x0 controller/Microcontroller.o
 .text._ZN15MicrocontrollerD2Ev
                0x00000000        0x2 controller/Microcontroller.o
 .group         0x00000000        0x8 drivers/Communication.o
 .text          0x00000000        0x0 drivers/Communication.o
 .data          0x00000000        0x0 drivers/Communication.o
 .bss           0x00000000        0x0 drivers/Communication.o
 .text._ZN13Communication7Method2Ev
                0x00000000        0x2 drivers/Communication.o
 .text._ZN13Communication7Method3Ev
                0x00000000        0x2 drivers/Communication.o
 .text._ZN13CommunicationD2Ev
                0x00000000        0x2 drivers/Communication.o
 .text._ZN13CommunicationD0Ev
                0x00000000        0x6 drivers/Communication.o
 .rodata._ZTV13Communication
                0x00000000        0xc drivers/Communication.o
 .debug_info    0x00000000      0x20a drivers/Communication.o
 .debug_abbrev  0x00000000      0x169 drivers/Communication.o
 .debug_loc     0x00000000       0x26 drivers/Communication.o
 .debug_aranges
                0x00000000       0x38 drivers/Communication.o
 .debug_ranges  0x00000000       0x28 drivers/Communication.o
 .debug_line    0x00000000       0x96 drivers/Communication.o
 .debug_str     0x00000000      0x243 drivers/Communication.o
 .comment       0x00000000       0x31 drivers/Communication.o
 .debug_frame   0x00000000       0x54 drivers/Communication.o
 .text          0x00000000        0x0 drivers/Input.o
 .data          0x00000000        0x0 drivers/Input.o
 .bss           0x00000000        0x0 drivers/Input.o
 .text._ZN5Input9pinStatusE4PORT3PINb
                0x00000000       0xe0 drivers/Input.o
 .text._ZN5Input12pinDirectionE4PORT3PINb
                0x00000000       0xe0 drivers/Input.o
 .text._ZN5Input9pinStatusE4PORT3PIN
                0x00000000       0x5c drivers/Input.o
 .debug_info    0x00000000      0x1ff drivers/Input.o
 .debug_abbrev  0x00000000      0x104 drivers/Input.o
 .debug_loc     0x00000000      0x1f3 drivers/Input.o
 .debug_aranges
                0x00000000       0x30 drivers/Input.o
 .debug_ranges  0x00000000       0x20 drivers/Input.o
 .debug_line    0x00000000       0xca drivers/Input.o
 .debug_str     0x00000000      0x288 drivers/Input.o
 .comment       0x00000000       0x31 drivers/Input.o
 .debug_frame   0x00000000       0x44 drivers/Input.o
 .group         0x00000000        0x8 drivers/LED.o
 .text          0x00000000        0x0 drivers/LED.o
 .data          0x00000000        0x0 drivers/LED.o
 .bss           0x00000000        0x0 drivers/LED.o
 .text._ZN3LED3offEv
                0x00000000       0x18 drivers/LED.o
 .text._ZN3LED6toggleEv
                0x00000000       0x22 drivers/LED.o
 .text          0x00000000        0x0 drivers/Output.o
 .data          0x00000000        0x0 drivers/Output.o
 .bss           0x00000000        0x0 drivers/Output.o
 .text._ZN6Output12pinDirectionE4PORT3PIN
                0x00000000       0x5c drivers/Output.o
 .group         0x00000000        0x8 drivers/ParallelTextLCD.o
 .text          0x00000000        0x0 drivers/ParallelTextLCD.o
 .data          0x00000000        0x0 drivers/ParallelTextLCD.o
 .bss           0x00000000        0x0 drivers/ParallelTextLCD.o
 .text._ZN15ParallelTextLCD5clearEv
                0x00000000       0x14 drivers/ParallelTextLCD.o
 .text._ZN15ParallelTextLCD7integerEii
                0x00000000       0x90 drivers/ParallelTextLCD.o
 .text          0x00000000        0x0 drivers/PushButtonSwitch.o
 .data          0x00000000        0x0 drivers/PushButtonSwitch.o
 .bss           0x00000000        0x0 drivers/PushButtonSwitch.o
 .text._ZN16PushButtonSwitchD2Ev
                0x00000000        0x2 drivers/PushButtonSwitch.o
 .text._ZN16PushButtonSwitch10initializeEv
                0x00000000       0x20 drivers/PushButtonSwitch.o
 .text._ZN16PushButtonSwitchC2E4PORT3PINbbi
                0x00000000       0x20 drivers/PushButtonSwitch.o
 .text._ZN16PushButtonSwitch10checkStateEv
                0x00000000        0xc drivers/PushButtonSwitch.o
 .text._ZN16PushButtonSwitch5stateEv
                0x00000000       0x22 drivers/PushButtonSwitch.o
 .debug_info    0x00000000      0x4ee drivers/PushButtonSwitch.o
 .debug_abbrev  0x00000000      0x275 drivers/PushButtonSwitch.o
 .debug_loc     0x00000000      0x20c drivers/PushButtonSwitch.o
 .debug_aranges
                0x00000000       0x40 drivers/PushButtonSwitch.o
 .debug_ranges  0x00000000       0x30 drivers/PushButtonSwitch.o
 .debug_line    0x00000000       0xec drivers/PushButtonSwitch.o
 .debug_str     0x00000000      0x365 drivers/PushButtonSwitch.o
 .comment       0x00000000       0x31 drivers/PushButtonSwitch.o
 .debug_frame   0x00000000       0x8c drivers/PushButtonSwitch.o
 .group         0x00000000        0x8 drivers/Storage.o
 .text          0x00000000        0x0 drivers/Storage.o
 .data          0x00000000        0x0 drivers/Storage.o
 .bss           0x00000000        0x0 drivers/Storage.o
 .text._ZN7Storage7Method2Ev
                0x00000000        0x2 drivers/Storage.o
 .text._ZN7Storage7Method3Ev
                0x00000000        0x2 drivers/Storage.o
 .text._ZN7StorageD2Ev
                0x00000000        0x2 drivers/Storage.o
 .text._ZN7StorageD0Ev
                0x00000000        0x6 drivers/Storage.o
 .rodata._ZTV7Storage
                0x00000000        0xc drivers/Storage.o
 .debug_info    0x00000000      0x20a drivers/Storage.o
 .debug_abbrev  0x00000000      0x169 drivers/Storage.o
 .debug_loc     0x00000000       0x26 drivers/Storage.o
 .debug_aranges
                0x00000000       0x38 drivers/Storage.o
 .debug_ranges  0x00000000       0x28 drivers/Storage.o
 .debug_line    0x00000000       0x8a drivers/Storage.o
 .debug_str     0x00000000      0x208 drivers/Storage.o
 .comment       0x00000000       0x31 drivers/Storage.o
 .debug_frame   0x00000000       0x54 drivers/Storage.o
 .group         0x00000000        0x8 drivers/Timer.o
 .text          0x00000000        0x0 drivers/Timer.o
 .data          0x00000000        0x0 drivers/Timer.o
 .bss           0x00000000        0x0 drivers/Timer.o
 .text._ZN5Timer7Method2Ev
                0x00000000        0x2 drivers/Timer.o
 .text._ZN5Timer7Method3Ev
                0x00000000        0x2 drivers/Timer.o
 .text._ZN5TimerD2Ev
                0x00000000        0x2 drivers/Timer.o
 .text._ZN5TimerD0Ev
                0x00000000        0x6 drivers/Timer.o
 .rodata._ZTV5Timer
                0x00000000        0xc drivers/Timer.o
 .debug_info    0x00000000      0x20a drivers/Timer.o
 .debug_abbrev  0x00000000      0x169 drivers/Timer.o
 .debug_loc     0x00000000       0x26 drivers/Timer.o
 .debug_aranges
                0x00000000       0x38 drivers/Timer.o
 .debug_ranges  0x00000000       0x28 drivers/Timer.o
 .debug_line    0x00000000       0x86 drivers/Timer.o
 .debug_str     0x00000000      0x1f6 drivers/Timer.o
 .comment       0x00000000       0x31 drivers/Timer.o
 .debug_frame   0x00000000       0x54 drivers/Timer.o
 .text          0x00000000        0x0 main.o
 .data          0x00000000        0x0 main.o
 .bss           0x00000000        0x0 main.o
 .text          0x00000000        0x0 e:/microsoft visual studio/atmel studio 7.0/7.0/toolchain/avr8/avr8-gnu-toolchain/bin/../lib/gcc/avr/4.9.2/avr5\libgcc.a(_exit.o)
 .data          0x00000000        0x0 e:/microsoft visual studio/atmel studio 7.0/7.0/toolchain/avr8/avr8-gnu-toolchain/bin/../lib/gcc/avr/4.9.2/avr5\libgcc.a(_exit.o)
 .bss           0x00000000        0x0 e:/microsoft visual studio/atmel studio 7.0/7.0/toolchain/avr8/avr8-gnu-toolchain/bin/../lib/gcc/avr/4.9.2/avr5\libgcc.a(_exit.o)
 .text.libgcc.mul
                0x00000000        0x0 e:/microsoft visual studio/atmel studio 7.0/7.0/toolchain/avr8/avr8-gnu-toolchain/bin/../lib/gcc/avr/4.9.2/avr5\libgcc.a(_exit.o)
 .text.libgcc.div
                0x00000000        0x0 e:/microsoft visual studio/atmel studio 7.0/7.0/toolchain/avr8/avr8-gnu-toolchain/bin/../lib/gcc/avr/4.9.2/avr5\libgcc.a(_exit.o)
 .text.libgcc   0x00000000        0x0 e:/microsoft visual studio/atmel studio 7.0/7.0/toolchain/avr8/avr8-gnu-toolchain/bin/../lib/gcc/avr/4.9.2/avr5\libgcc.a(_exit.o)
 .text.libgcc.prologue
                0x00000000        0x0 e:/microsoft visual studio/atmel studio 7.0/7.0/toolchain/avr8/avr8-gnu-toolchain/bin/../lib/gcc/avr/4.9.2/avr5\libgcc.a(_exit.o)
 .text.libgcc.builtins
                0x00000000        0x0 e:/microsoft visual studio/atmel studio 7.0/7.0/toolchain/avr8/avr8-gnu-toolchain/bin/../lib/gcc/avr/4.9.2/avr5\libgcc.a(_exit.o)
 .text.libgcc.fmul
                0x00000000        0x0 e:/microsoft visual studio/atmel studio 7.0/7.0/toolchain/avr8/avr8-gnu-toolchain/bin/../lib/gcc/avr/4.9.2/avr5\libgcc.a(_exit.o)
 .text.libgcc.fixed
                0x00000000        0x0 e:/microsoft visual studio/atmel studio 7.0/7.0/toolchain/avr8/avr8-gnu-toolchain/bin/../lib/gcc/avr/4.9.2/avr5\libgcc.a(_exit.o)
 .text          0x00000000        0x0 e:/microsoft visual studio/atmel studio 7.0/7.0/toolchain/avr8/avr8-gnu-toolchain/bin/../lib/gcc/avr/4.9.2/avr5\libgcc.a(_copy_data.o)
 .data          0x00000000        0x0 e:/microsoft visual studio/atmel studio 7.0/7.0/toolchain/avr8/avr8-gnu-toolchain/bin/../lib/gcc/avr/4.9.2/avr5\libgcc.a(_copy_data.o)
 .bss           0x00000000        0x0 e:/microsoft visual studio/atmel studio 7.0/7.0/toolchain/avr8/avr8-gnu-toolchain/bin/../lib/gcc/avr/4.9.2/avr5\libgcc.a(_copy_data.o)
 .text.libgcc.mul
                0x00000000        0x0 e:/microsoft visual studio/atmel studio 7.0/7.0/toolchain/avr8/avr8-gnu-toolchain/bin/../lib/gcc/avr/4.9.2/avr5\libgcc.a(_copy_data.o)
 .text.libgcc.div
                0x00000000        0x0 e:/microsoft visual studio/atmel studio 7.0/7.0/toolchain/avr8/avr8-gnu-toolchain/bin/../lib/gcc/avr/4.9.2/avr5\libgcc.a(_copy_data.o)
 .text.libgcc   0x00000000        0x0 e:/microsoft visual studio/atmel studio 7.0/7.0/toolchain/avr8/avr8-gnu-toolchain/bin/../lib/gcc/avr/4.9.2/avr5\libgcc.a(_copy_data.o)
 .text.libgcc.prologue
                0x00000000        0x0 e:/microsoft visual studio/atmel studio 7.0/7.0/toolchain/avr8/avr8-gnu-toolchain/bin/../lib/gcc/avr/4.9.2/avr5\libgcc.a(_copy_data.o)
 .text.libgcc.builtins
                0x00000000        0x0 e:/microsoft visual studio/atmel studio 7.0/7.0/toolchain/avr8/avr8-gnu-toolchain/bin/../lib/gcc/avr/4.9.2/avr5\libgcc.a(_copy_data.o)
 .text.libgcc.fmul
                0x00000000        0x0 e:/microsoft visual studio/atmel studio 7.0/7.0/toolchain/avr8/avr8-gnu-toolchain/bin/../lib/gcc/avr/4.9.2/avr5\libgcc.a(_copy_data.o)
 .text.libgcc.fixed
                0x00000000        0x0 e:/microsoft visual studio/atmel studio 7.0/7.0/toolchain/avr8/avr8-gnu-toolchain/bin/../lib/gcc/avr/4.9.2/avr5\libgcc.a(_copy_data.o)
 .text          0x00000000        0x0 e:/microsoft visual studio/atmel studio 7.0/7.0/toolchain/avr8/avr8-gnu-toolchain/bin/../lib/gcc/avr/4.9.2/../../../../avr/lib/avr5\libc.a(itoa_ncheck.o)
 .data          0x00000000        0x0 e:/microsoft visual studio/atmel studio 7.0/7.0/toolchain/avr8/avr8-gnu-toolchain/bin/../lib/gcc/avr/4.9.2/../../../../avr/lib/avr5\libc.a(itoa_ncheck.o)
 .bss           0x00000000        0x0 e:/microsoft visual studio/atmel studio 7.0/7.0/toolchain/avr8/avr8-gnu-toolchain/bin/../lib/gcc/avr/4.9.2/../../../../avr/lib/avr5\libc.a(itoa_ncheck.o)
 .text          0x00000000        0x0 e:/microsoft visual studio/atmel studio 7.0/7.0/toolchain/avr8/avr8-gnu-toolchain/bin/../lib/gcc/avr/4.9.2/../../../../avr/lib/avr5\libc.a(utoa_ncheck.o)
 .data          0x00000000        0x0 e:/microsoft visual studio/atmel studio 7.0/7.0/toolchain/avr8/avr8-gnu-toolchain/bin/../lib/gcc/avr/4.9.2/../../../../avr/lib/avr5\libc.a(utoa_ncheck.o)
 .bss           0x00000000        0x0 e:/microsoft visual studio/atmel studio 7.0/7.0/toolchain/avr8/avr8-gnu-toolchain/bin/../lib/gcc/avr/4.9.2/../../../../avr/lib/avr5\libc.a(utoa_ncheck.o)
 .text          0x00000000        0x0 e:/microsoft visual studio/atmel studio 7.0/7.0/toolchain/avr8/avr8-gnu-toolchain/bin/../lib/gcc/avr/4.9.2/../../../../avr/lib/avr5\libc.a(strrev.o)
 .data          0x00000000        0x0 e:/microsoft visual studio/atmel studio 7.0/7.0/toolchain/avr8/avr8-gnu-toolchain/bin/../lib/gcc/avr/4.9.2/../../../../avr/lib/avr5\libc.a(strrev.o)
 .bss           0x00000000        0x0 e:/microsoft visual studio/atmel studio 7.0/7.0/toolchain/avr8/avr8-gnu-toolchain/bin/../lib/gcc/avr/4.9.2/../../../../avr/lib/avr5\libc.a(strrev.o)

Memory Configuration

Name             Origin             Length             Attributes
text             0x00000000         0x00020000         xr
data             0x00800060         0x0000ffa0         rw !x
eeprom           0x00810000         0x00010000         rw !x
fuse             0x00820000         0x00000400         rw !x
lock             0x00830000         0x00000400         rw !x
signature        0x00840000         0x00000400         rw !x
user_signatures  0x00850000         0x00000400         rw !x
*default*        0x00000000         0xffffffff

Linker script and memory map

LOAD E:/Microsoft Visual Studio/Atmel Studio 7.0/7.0/Packs/atmel/ATmega_DFP/1.0.98/gcc/dev/atmega32/avr5/crtatmega32.o
LOAD controller/Microcontroller.o
LOAD drivers/Communication.o
LOAD drivers/Input.o
LOAD drivers/LED.o
LOAD drivers/Output.o
LOAD drivers/ParallelTextLCD.o
LOAD drivers/PushButtonSwitch.o
LOAD drivers/Storage.o
LOAD drivers/Timer.o
LOAD main.o
START GROUP
LOAD e:/microsoft visual studio/atmel studio 7.0/7.0/toolchain/avr8/avr8-gnu-toolchain/bin/../lib/gcc/avr/4.9.2/../../../../avr/lib/avr5\libm.a
END GROUP
LOAD e:/microsoft visual studio/atmel studio 7.0/7.0/toolchain/avr8/avr8-gnu-toolchain/bin/../lib/gcc/avr/4.9.2/avr5\libgcc.a
LOAD e:/microsoft visual studio/atmel studio 7.0/7.0/toolchain/avr8/avr8-gnu-toolchain/bin/../lib/gcc/avr/4.9.2/../../../../avr/lib/avr5\libm.a
START GROUP
LOAD e:/microsoft visual studio/atmel studio 7.0/7.0/toolchain/avr8/avr8-gnu-toolchain/bin/../lib/gcc/avr/4.9.2/avr5\libgcc.a
LOAD e:/microsoft visual studio/atmel studio 7.0/7.0/toolchain/avr8/avr8-gnu-toolchain/bin/../lib/gcc/avr/4.9.2/../../../../avr/lib/avr5\libm.a
LOAD e:/microsoft visual studio/atmel studio 7.0/7.0/toolchain/avr8/avr8-gnu-toolchain/bin/../lib/gcc/avr/4.9.2/../../../../avr/lib/avr5\libc.a
LOAD E:/Microsoft Visual Studio/Atmel Studio 7.0/7.0/Packs/atmel/ATmega_DFP/1.0.98/gcc/dev/atmega32/avr5\libatmega32.a
END GROUP

.hash
 *(.hash)

.dynsym
 *(.dynsym)

.dynstr
 *(.dynstr)

.gnu.version
 *(.gnu.version)

.gnu.version_d
 *(.gnu.version_d)

.gnu.version_r
 *(.gnu.version_r)

.rel.init
 *(.rel.init)

.rela.init
 *(.rela.init)

.rel.text
 *(.rel.text)
 *(.rel.text.*)
 *(.rel.gnu.linkonce.t*)

.rela.text
 *(.rela.text)
 *(.rela.text.*)
 *(.rela.gnu.linkonce.t*)

.rel.fini
 *(.rel.fini)

.rela.fini
 *(.rela.fini)

.rel.rodata
 *(.rel.rodata)
 *(.rel.rodata.*)
 *(.rel.gnu.linkonce.r*)

.rela.rodata
 *(.rela.rodata)
 *(.rela.rodata.*)
 *(.rela.gnu.linkonce.r*)

.rel.data
 *(.rel.data)
 *(.rel.data.*)
 *(.rel.gnu.linkonce.d*)

.rela.data
 *(.rela.data)
 *(.rela.data.*)
 *(.rela.gnu.linkonce.d*)

.rel.ctors
 *(.rel.ctors)

.rela.ctors
 *(.rela.ctors)

.rel.dtors
 *(.rel.dtors)

.rela.dtors
 *(.rela.dtors)

.rel.got
 *(.rel.got)

.rela.got
 *(.rela.got)

.rel.bss
 *(.rel.bss)

.rela.bss
 *(.rela.bss)

.rel.plt
 *(.rel.plt)

.rela.plt
 *(.rela.plt)

.text           0x00000000      0x750
 *(.vectors)
 .vectors       0x00000000       0x54 E:/Microsoft Visual Studio/Atmel Studio 7.0/7.0/Packs/atmel/ATmega_DFP/1.0.98/gcc/dev/atmega32/avr5/crtatmega32.o
                0x00000000                __vector_default
                0x00000000                __vectors
 *(.vectors)
 *(.progmem.gcc*)
                0x00000054                . = ALIGN (0x2)
                0x00000054                __trampolines_start = .
 *(.trampolines)
 .trampolines   0x00000054        0x0 linker stubs
 *(.trampolines*)
                0x00000054                __trampolines_end = .
 *(.progmem*)
                0x00000054                . = ALIGN (0x2)
 *(.jumptables)
 *(.jumptables*)
 *(.lowtext)
 *(.lowtext*)
                0x00000054                __ctors_start = .
 *(.ctors)
                0x00000054                __ctors_end = .
                0x00000054                __dtors_start = .
 *(.dtors)
                0x00000054                __dtors_end = .
 SORT(*)(.ctors)
 SORT(*)(.dtors)
 *(.init0)
 .init0         0x00000054        0x0 E:/Microsoft Visual Studio/Atmel Studio 7.0/7.0/Packs/atmel/ATmega_DFP/1.0.98/gcc/dev/atmega32/avr5/crtatmega32.o
                0x00000054                __init
 *(.init0)
 *(.init1)
 *(.init1)
 *(.init2)
 .init2         0x00000054        0xc E:/Microsoft Visual Studio/Atmel Studio 7.0/7.0/Packs/atmel/ATmega_DFP/1.0.98/gcc/dev/atmega32/avr5/crtatmega32.o
 *(.init2)
 *(.init3)
 *(.init3)
 *(.init4)
 .init4         0x00000060       0x16 e:/microsoft visual studio/atmel studio 7.0/7.0/toolchain/avr8/avr8-gnu-toolchain/bin/../lib/gcc/avr/4.9.2/avr5\libgcc.a(_copy_data.o)
                0x00000060                __do_copy_data
 *(.init4)
 *(.init5)
 *(.init5)
 *(.init6)
 *(.init6)
 *(.init7)
 *(.init7)
 *(.init8)
 *(.init8)
 *(.init9)
 .init9         0x00000076        0x8 E:/Microsoft Visual Studio/Atmel Studio 7.0/7.0/Packs/atmel/ATmega_DFP/1.0.98/gcc/dev/atmega32/avr5/crtatmega32.o
 *(.init9)
 *(.text)
 .text          0x0000007e        0x4 E:/Microsoft Visual Studio/Atmel Studio 7.0/7.0/Packs/atmel/ATmega_DFP/1.0.98/gcc/dev/atmega32/avr5/crtatmega32.o
                0x0000007e                __vector_1
                0x0000007e                __vector_12
                0x0000007e                __bad_interrupt
                0x0000007e                __vector_6
                0x0000007e                __vector_3
                0x0000007e                __vector_11
                0x0000007e                __vector_13
                0x0000007e                __vector_17
                0x0000007e                __vector_19
                0x0000007e                __vector_7
                0x0000007e                __vector_5
                0x0000007e                __vector_4
                0x0000007e                __vector_9
                0x0000007e                __vector_2
                0x0000007e                __vector_15
                0x0000007e                __vector_8
                0x0000007e                __vector_14
                0x0000007e                __vector_10
                0x0000007e                __vector_16
                0x0000007e                __vector_18
                0x0000007e                __vector_20
                0x00000082                . = ALIGN (0x2)
 *(.text.*)
 .text._ZN15MicrocontrollerC2Ev
                0x00000082        0x2 controller/Microcontroller.o
                0x00000082                _ZN15MicrocontrollerC2Ev
                0x00000082                _ZN15MicrocontrollerC1Ev
 .text._ZN15Microcontroller10createTaskEPFvvE
                0x00000084        0x8 controller/Microcontroller.o
                0x00000084                _ZN15Microcontroller10createTaskEPFvvE
 .text._ZN15Microcontroller7executeEv
                0x0000008c        0xa controller/Microcontroller.o
                0x0000008c                _ZN15Microcontroller7executeEv
 .text._ZN3LED10initializeEv
                0x00000096       0x20 drivers/LED.o
                0x00000096                _ZN3LED10initializeEv
 .text._ZN3LEDC2E4PORT3PIN
                0x000000b6       0x16 drivers/LED.o
                0x000000b6                _ZN3LEDC1E4PORT3PIN
                0x000000b6                _ZN3LEDC2E4PORT3PIN
 .text._ZN3LEDD2Ev
                0x000000cc        0x2 drivers/LED.o
                0x000000cc                _ZN3LEDD2Ev
                0x000000cc                _ZN3LEDD1Ev
 .text._ZN3LED2onEv
                0x000000ce       0x1a drivers/LED.o
                0x000000ce                _ZN3LED2onEv
 .text._ZN6Output9pinStatusE4PORT3PINb
                0x000000e8       0xe0 drivers/Output.o
                0x000000e8                _ZN6Output9pinStatusE4PORT3PINb
 .text._ZN6Output12pinDirectionE4PORT3PINb
                0x000001c8       0xe0 drivers/Output.o
                0x000001c8                _ZN6Output12pinDirectionE4PORT3PINb
 .text._ZN6Output10portStatusE4PORTi
                0x000002a8       0x20 drivers/Output.o
                0x000002a8                _ZN6Output10portStatusE4PORTi
 .text._ZN6Output13portDirectionE4PORTi
                0x000002c8       0x20 drivers/Output.o
                0x000002c8                _ZN6Output13portDirectionE4PORTi
 .text._ZN6Output9pinStatusE4PORT3PIN
                0x000002e8       0x5c drivers/Output.o
                0x000002e8                _ZN6Output9pinStatusE4PORT3PIN
 .text._ZN15ParallelTextLCDD2Ev
                0x00000344        0x2 drivers/ParallelTextLCD.o
                0x00000344                _ZN15ParallelTextLCDD1Ev
                0x00000344                _ZN15ParallelTextLCDD2Ev
 .text._ZN15ParallelTextLCD13action_enableEv
                0x00000346       0x24 drivers/ParallelTextLCD.o
                0x00000346                _ZN15ParallelTextLCD13action_enableEv
 .text._ZN15ParallelTextLCD9wait_busyEv
                0x0000036a       0x48 drivers/ParallelTextLCD.o
                0x0000036a                _ZN15ParallelTextLCD9wait_busyEv
 .text._ZN15ParallelTextLCD7commandEh
                0x000003b2       0x44 drivers/ParallelTextLCD.o
                0x000003b2                _ZN15ParallelTextLCD7commandEh
 .text._ZN15ParallelTextLCD10initializeEv
                0x000003f6       0x6a drivers/ParallelTextLCD.o
                0x000003f6                _ZN15ParallelTextLCD10initializeEv
 .text._ZN15ParallelTextLCDC2E4PORTS0_3PINS1_S1_
                0x00000460       0x3e drivers/ParallelTextLCD.o
                0x00000460                _ZN15ParallelTextLCDC1E4PORTS0_3PINS1_S1_
                0x00000460                _ZN15ParallelTextLCDC2E4PORTS0_3PINS1_S1_
 .text._ZN15ParallelTextLCD8positionEii
                0x0000049e       0x16 drivers/ParallelTextLCD.o
                0x0000049e                _ZN15ParallelTextLCD8positionEii
 .text._ZN15ParallelTextLCD6cursorEbb
                0x000004b4       0x28 drivers/ParallelTextLCD.o
                0x000004b4                _ZN15ParallelTextLCD6cursorEbb
 .text._ZN15ParallelTextLCD9characterEh
                0x000004dc       0x44 drivers/ParallelTextLCD.o
                0x000004dc                _ZN15ParallelTextLCD9characterEh
 .text._ZN15ParallelTextLCD6stringEPc
                0x00000520       0x2a drivers/ParallelTextLCD.o
                0x00000520                _ZN15ParallelTextLCD6stringEPc
 .text._ZN15ParallelTextLCD6stringEiiPc
                0x0000054a       0x22 drivers/ParallelTextLCD.o
                0x0000054a                _ZN15ParallelTextLCD6stringEiiPc
 .text._ZN15ParallelTextLCD7integerEiiii
                0x0000056c       0xa8 drivers/ParallelTextLCD.o
                0x0000056c                _ZN15ParallelTextLCD7integerEiiii
 .text._Z10initSystemv
                0x00000614       0xa6 main.o
                0x00000614                _Z10initSystemv
 .text.main     0x000006ba       0x28 main.o
                0x000006ba                main
 .text.avr-libc
                0x000006e2       0x16 e:/microsoft visual studio/atmel studio 7.0/7.0/toolchain/avr8/avr8-gnu-toolchain/bin/../lib/gcc/avr/4.9.2/../../../../avr/lib/avr5\libc.a(itoa_ncheck.o)
                0x000006e2                __itoa_ncheck
 .text.avr-libc
                0x000006f8       0x34 e:/microsoft visual studio/atmel studio 7.0/7.0/toolchain/avr8/avr8-gnu-toolchain/bin/../lib/gcc/avr/4.9.2/../../../../avr/lib/avr5\libc.a(utoa_ncheck.o)
                0x000006f8                __utoa_ncheck
                0x000006fa                __utoa_common
 .text.avr-libc
                0x0000072c       0x20 e:/microsoft visual studio/atmel studio 7.0/7.0/toolchain/avr8/avr8-gnu-toolchain/bin/../lib/gcc/avr/4.9.2/../../../../avr/lib/avr5\libc.a(strrev.o)
                0x0000072c                strrev
                0x0000074c                . = ALIGN (0x2)
 *(.fini9)
 .fini9         0x0000074c        0x0 e:/microsoft visual studio/atmel studio 7.0/7.0/toolchain/avr8/avr8-gnu-toolchain/bin/../lib/gcc/avr/4.9.2/avr5\libgcc.a(_exit.o)
                0x0000074c                _exit
                0x0000074c                exit
 *(.fini9)
 *(.fini8)
 *(.fini8)
 *(.fini7)
 *(.fini7)
 *(.fini6)
 *(.fini6)
 *(.fini5)
 *(.fini5)
 *(.fini4)
 *(.fini4)
 *(.fini3)
 *(.fini3)
 *(.fini2)
 *(.fini2)
 *(.fini1)
 *(.fini1)
 *(.fini0)
 .fini0         0x0000074c        0x4 e:/microsoft visual studio/atmel studio 7.0/7.0/toolchain/avr8/avr8-gnu-toolchain/bin/../lib/gcc/avr/4.9.2/avr5\libgcc.a(_exit.o)
 *(.fini0)
                0x00000750                _etext = .

.data           0x00800060       0x28 load address 0x00000750
                0x00800060                PROVIDE (__data_start, .)
 *(.data)
 *(.data*)
 *(.rodata)
 .rodata        0x00800060        0x8 drivers/ParallelTextLCD.o
 *(.rodata*)
 .rodata._ZTV3LED
                0x00800068        0x6 drivers/LED.o
                0x00800068                _ZTV3LED
 .rodata.str1.1
                0x0080006e        0x2 drivers/ParallelTextLCD.o
 .rodata._ZTV15ParallelTextLCD
                0x00800070        0x6 drivers/ParallelTextLCD.o
                0x00800070                _ZTV15ParallelTextLCD
 .rodata.str1.1
                0x00800076       0x11 main.o
 *(.gnu.linkonce.d*)
                0x00800088                . = ALIGN (0x2)
 *fill*         0x00800087        0x1 
                0x00800088                _edata = .
                0x00800088                PROVIDE (__data_end, .)

.bss            0x00800088        0x0
                0x00800088                PROVIDE (__bss_start, .)
 *(.bss)
 *(.bss*)
 *(COMMON)
                0x00800088                PROVIDE (__bss_end, .)
                0x00000750                __data_load_start = LOADADDR (.data)
                0x00000778                __data_load_end = (__data_load_start + SIZEOF (.data))

.noinit         0x00800088        0x0
                0x00800088                PROVIDE (__noinit_start, .)
 *(.noinit*)
                0x00800088                PROVIDE (__noinit_end, .)
                0x00800088                _end = .
                0x00800088                PROVIDE (__heap_start, .)

.eeprom         0x00810000        0x0
 *(.eeprom*)
                0x00810000                __eeprom_end = .

.fuse
 *(.fuse)
 *(.lfuse)
 *(.hfuse)
 *(.efuse)

.lock
 *(.lock*)

.signature
 *(.signature*)

.user_signatures
 *(.user_signatures*)

.stab
 *(.stab)

.stabstr
 *(.stabstr)

.stab.excl
 *(.stab.excl)

.stab.exclstr
 *(.stab.exclstr)

.stab.index
 *(.stab.index)

.stab.indexstr
 *(.stab.indexstr)

.comment        0x00000000       0x30
 *(.comment)
 .comment       0x00000000       0x30 controller/Microcontroller.o
                                 0x31 (size before relaxing)
 .comment       0x00000030       0x31 drivers/LED.o
 .comment       0x00000030       0x31 drivers/Output.o
 .comment       0x00000030       0x31 drivers/ParallelTextLCD.o
 .comment       0x00000030       0x31 main.o

.note.gnu.avr.deviceinfo
                0x00000000       0x3c
 .note.gnu.avr.deviceinfo
                0x00000000       0x3c E:/Microsoft Visual Studio/Atmel Studio 7.0/7.0/Packs/atmel/ATmega_DFP/1.0.98/gcc/dev/atmega32/avr5/crtatmega32.o

.note.gnu.build-id
 *(.note.gnu.build-id)

.debug
 *(.debug)

.line
 *(.line)

.debug_srcinfo
 *(.debug_srcinfo)

.debug_sfnames
 *(.debug_sfnames)

.debug_aranges  0x00000000      0x178
 *(.debug_aranges)
 .debug_aranges
                0x00000000       0x38 controller/Microcontroller.o
 .debug_aranges
                0x00000038       0x48 drivers/LED.o
 .debug_aranges
                0x00000080       0x48 drivers/Output.o
 .debug_aranges
                0x000000c8       0x88 drivers/ParallelTextLCD.o
 .debug_aranges
                0x00000150       0x28 main.o

.debug_pubnames
 *(.debug_pubnames)

.debug_info     0x00000000     0x2085
 *(.debug_info .gnu.linkonce.wi.*)
 .debug_info    0x00000000      0x224 controller/Microcontroller.o
 .debug_info    0x00000224      0x5ff drivers/LED.o
 .debug_info    0x00000823      0x2e0 drivers/Output.o
 .debug_info    0x00000b03     0x110c drivers/ParallelTextLCD.o
 .debug_info    0x00001c0f      0x476 main.o

.debug_abbrev   0x00000000      0xae6
 *(.debug_abbrev)
 .debug_abbrev  0x00000000      0x156 controller/Microcontroller.o
 .debug_abbrev  0x00000156      0x2da drivers/LED.o
 .debug_abbrev  0x00000430       0xf8 drivers/Output.o
 .debug_abbrev  0x00000528      0x3f7 drivers/ParallelTextLCD.o
 .debug_abbrev  0x0000091f      0x1c7 main.o

.debug_line     0x00000000      0x636
 *(.debug_line .debug_line.* .debug_line_end)
 .debug_line    0x00000000       0x92 controller/Microcontroller.o
 .debug_line    0x00000092       0xe5 drivers/LED.o
 .debug_line    0x00000177       0xfe drivers/Output.o
 .debug_line    0x00000275      0x2f3 drivers/ParallelTextLCD.o
 .debug_line    0x00000568       0xce main.o

.debug_frame    0x00000000      0x3d8
 *(.debug_frame)
 .debug_frame   0x00000000       0x54 controller/Microcontroller.o
 .debug_frame   0x00000054       0xa4 drivers/LED.o
 .debug_frame   0x000000f8       0x74 drivers/Output.o
 .debug_frame   0x0000016c      0x208 drivers/ParallelTextLCD.o
 .debug_frame   0x00000374       0x64 main.o

.debug_str      0x00000000      0x83c
 *(.debug_str)
 .debug_str     0x00000000      0x21e controller/Microcontroller.o
                                0x22e (size before relaxing)
 .debug_str     0x0000021e      0x280 drivers/LED.o
                                0x3ef (size before relaxing)
 .debug_str     0x0000049e       0x1c drivers/Output.o
                                0x301 (size before relaxing)
 .debug_str     0x000004ba      0x34b drivers/ParallelTextLCD.o
                                0x6b8 (size before relaxing)
 .debug_str     0x00000805       0x37 main.o
                                0x360 (size before relaxing)

.debug_loc      0x00000000     0x1148
 *(.debug_loc)
 .debug_loc     0x00000000       0x26 controller/Microcontroller.o
 .debug_loc     0x00000026      0x1fc drivers/LED.o
 .debug_loc     0x00000222      0x278 drivers/Output.o
 .debug_loc     0x0000049a      0xbf8 drivers/ParallelTextLCD.o
 .debug_loc     0x00001092       0xb6 main.o

.debug_macinfo
 *(.debug_macinfo)

.debug_weaknames
 *(.debug_weaknames)

.debug_funcnames
 *(.debug_funcnames)

.debug_typenames
 *(.debug_typenames)

.debug_varnames
 *(.debug_varnames)

.debug_pubtypes
 *(.debug_pubtypes)

.debug_ranges   0x00000000      0x128
 *(.debug_ranges)
 .debug_ranges  0x00000000       0x28 controller/Microcontroller.o
 .debug_ranges  0x00000028       0x38 drivers/LED.o
 .debug_ranges  0x00000060       0x38 drivers/Output.o
 .debug_ranges  0x00000098       0x78 drivers/ParallelTextLCD.o
 .debug_ranges  0x00000110       0x18 main.o

.debug_macro
 *(.debug_macro)
OUTPUT(MicrocontrollerSystem.elf elf32-avr)
LOAD linker stubs
